Archive member included to satisfy reference by file (symbol)

C:/ST/STM32CubeIDE_2.0.0/STM32CubeIDE/plugins/com.st.stm32cube.ide.mcu.externaltools.gnu-tools-for-stm32.14.3.rel1.win32_1.0.100.202602081740/tools/bin/../lib/gcc/arm-none-eabi/14.3.1/../../../../arm-none-eabi/lib/thumb/v7e-m+fp/hard\libc_nano.a(libc_a-exit.o)
                              C:/ST/STM32CubeIDE_2.0.0/STM32CubeIDE/plugins/com.st.stm32cube.ide.mcu.externaltools.gnu-tools-for-stm32.14.3.rel1.win32_1.0.100.202602081740/tools/bin/../lib/gcc/arm-none-eabi/14.3.1/../../../../arm-none-eabi/lib/thumb/v7e-m+fp/hard/crt0.o (exit)
C:/ST/STM32CubeIDE_2.0.0/STM32CubeIDE/plugins/com.st.stm32cube.ide.mcu.externaltools.gnu-tools-for-stm32.14.3.rel1.win32_1.0.100.202602081740/tools/bin/../lib/gcc/arm-none-eabi/14.3.1/../../../../arm-none-eabi/lib/thumb/v7e-m+fp/hard\libc_nano.a(libc_a-findfp.o)
                              C:/ST/STM32CubeIDE_2.0.0/STM32CubeIDE/plugins/com.st.stm32cube.ide.mcu.externaltools.gnu-tools-for-stm32.14.3.rel1.win32_1.0.100.202602081740/tools/bin/../lib/gcc/arm-none-eabi/14.3.1/../../../../arm-none-eabi/lib/thumb/v7e-m+fp/hard\libc_nano.a(libc_a-exit.o) (__stdio_exit_handler)
C:/ST/STM32CubeIDE_2.0.0/STM32CubeIDE/plugins/com.st.stm32cube.ide.mcu.externaltools.gnu-tools-for-stm32.14.3.rel1.win32_1.0.100.202602081740/tools/bin/../lib/gcc/arm-none-eabi/14.3.1/../../../../arm-none-eabi/lib/thumb/v7e-m+fp/hard\libc_nano.a(libc_a-fwalk.o)
                              C:/ST/STM32CubeIDE_2.0.0/STM32CubeIDE/plugins/com.st.stm32cube.ide.mcu.externaltools.gnu-tools-for-stm32.14.3.rel1.win32_1.0.100.202602081740/tools/bin/../lib/gcc/arm-none-eabi/14.3.1/../../../../arm-none-eabi/lib/thumb/v7e-m+fp/hard\libc_nano.a(libc_a-findfp.o) (_fwalk_sglue)
C:/ST/STM32CubeIDE_2.0.0/STM32CubeIDE/plugins/com.st.stm32cube.ide.mcu.externaltools.gnu-tools-for-stm32.14.3.rel1.win32_1.0.100.202602081740/tools/bin/../lib/gcc/arm-none-eabi/14.3.1/../../../../arm-none-eabi/lib/thumb/v7e-m+fp/hard\libc_nano.a(libc_a-stdio.o)
                              C:/ST/STM32CubeIDE_2.0.0/STM32CubeIDE/plugins/com.st.stm32cube.ide.mcu.externaltools.gnu-tools-for-stm32.14.3.rel1.win32_1.0.100.202602081740/tools/bin/../lib/gcc/arm-none-eabi/14.3.1/../../../../arm-none-eabi/lib/thumb/v7e-m+fp/hard\libc_nano.a(libc_a-findfp.o) (__sread)
C:/ST/STM32CubeIDE_2.0.0/STM32CubeIDE/plugins/com.st.stm32cube.ide.mcu.externaltools.gnu-tools-for-stm32.14.3.rel1.win32_1.0.100.202602081740/tools/bin/../lib/gcc/arm-none-eabi/14.3.1/../../../../arm-none-eabi/lib/thumb/v7e-m+fp/hard\libc_nano.a(libc_a-memset.o)
                              C:/ST/STM32CubeIDE_2.0.0/STM32CubeIDE/plugins/com.st.stm32cube.ide.mcu.externaltools.gnu-tools-for-stm32.14.3.rel1.win32_1.0.100.202602081740/tools/bin/../lib/gcc/arm-none-eabi/14.3.1/../../../../arm-none-eabi/lib/thumb/v7e-m+fp/hard/crt0.o (memset)
C:/ST/STM32CubeIDE_2.0.0/STM32CubeIDE/plugins/com.st.stm32cube.ide.mcu.externaltools.gnu-tools-for-stm32.14.3.rel1.win32_1.0.100.202602081740/tools/bin/../lib/gcc/arm-none-eabi/14.3.1/../../../../arm-none-eabi/lib/thumb/v7e-m+fp/hard\libc_nano.a(libc_a-closer.o)
                              C:/ST/STM32CubeIDE_2.0.0/STM32CubeIDE/plugins/com.st.stm32cube.ide.mcu.externaltools.gnu-tools-for-stm32.14.3.rel1.win32_1.0.100.202602081740/tools/bin/../lib/gcc/arm-none-eabi/14.3.1/../../../../arm-none-eabi/lib/thumb/v7e-m+fp/hard\libc_nano.a(libc_a-stdio.o) (_close_r)
C:/ST/STM32CubeIDE_2.0.0/STM32CubeIDE/plugins/com.st.stm32cube.ide.mcu.externaltools.gnu-tools-for-stm32.14.3.rel1.win32_1.0.100.202602081740/tools/bin/../lib/gcc/arm-none-eabi/14.3.1/../../../../arm-none-eabi/lib/thumb/v7e-m+fp/hard\libc_nano.a(libc_a-reent.o)
                              C:/ST/STM32CubeIDE_2.0.0/STM32CubeIDE/plugins/com.st.stm32cube.ide.mcu.externaltools.gnu-tools-for-stm32.14.3.rel1.win32_1.0.100.202602081740/tools/bin/../lib/gcc/arm-none-eabi/14.3.1/../../../../arm-none-eabi/lib/thumb/v7e-m+fp/hard\libc_nano.a(libc_a-closer.o) (errno)
C:/ST/STM32CubeIDE_2.0.0/STM32CubeIDE/plugins/com.st.stm32cube.ide.mcu.externaltools.gnu-tools-for-stm32.14.3.rel1.win32_1.0.100.202602081740/tools/bin/../lib/gcc/arm-none-eabi/14.3.1/../../../../arm-none-eabi/lib/thumb/v7e-m+fp/hard\libc_nano.a(libc_a-impure.o)
                              C:/ST/STM32CubeIDE_2.0.0/STM32CubeIDE/plugins/com.st.stm32cube.ide.mcu.externaltools.gnu-tools-for-stm32.14.3.rel1.win32_1.0.100.202602081740/tools/bin/../lib/gcc/arm-none-eabi/14.3.1/../../../../arm-none-eabi/lib/thumb/v7e-m+fp/hard\libc_nano.a(libc_a-reent.o) (_impure_ptr)
C:/ST/STM32CubeIDE_2.0.0/STM32CubeIDE/plugins/com.st.stm32cube.ide.mcu.externaltools.gnu-tools-for-stm32.14.3.rel1.win32_1.0.100.202602081740/tools/bin/../lib/gcc/arm-none-eabi/14.3.1/../../../../arm-none-eabi/lib/thumb/v7e-m+fp/hard\libc_nano.a(libc_a-lseekr.o)
[...]
Memory Configuration

Name             Origin             Length             Attributes
RAM              0x20000000         0x0000c000         xrw
RAM2             0x10000000         0x00004000         xrw
FLASH            0x08000000         0x00040000         xr
*default*        0x00000000         0xffffffff

Linker script and memory map

LOAD C:/ST/STM32CubeIDE_2.0.0/STM32CubeIDE/plugins/com.st.stm32cube.ide.mcu.externaltools.gnu-tools-for-stm32.14.3.rel1.win32_1.0.100.202602081740/tools/bin/../lib/gcc/arm-none-eabi/14.3.1/thumb/v7e-m+fp/hard/crti.o
LOAD C:/ST/STM32CubeIDE_2.0.0/STM32CubeIDE/plugins/com.st.stm32cube.ide.mcu.externaltools.gnu-tools-for-stm32.14.3.rel1.win32_1.0.100.202602081740/tools/bin/../lib/gcc/arm-none-eabi/14.3.1/thumb/v7e-m+fp/hard/crtbegin.o
LOAD C:/ST/STM32CubeIDE_2.0.0/STM32CubeIDE/plugins/com.st.stm32cube.ide.mcu.externaltools.gnu-tools-for-stm32.14.3.rel1.win32_1.0.100.202602081740/tools/bin/../lib/gcc/arm-none-eabi/14.3.1/../../../../arm-none-eabi/lib/thumb/v7e-m+fp/hard/crt0.o
LOAD ./Core/Src/AT24C32.o
LOAD ./Core/Src/BC660K-GL.o
LOAD ./Core/Src/BDT-M1174.o
LOAD ./Core/Src/HT1621B.o
LOAD ./Core/Src/TDC1000.o
LOAD ./Core/Src/TDC7200.o
LOAD ./Core/Src/main.o
LOAD ./Core/Src/stm32l4xx_hal_msp.o
LOAD ./Core/Src/stm32l4xx_it.o
LOAD ./Core/Src/syscalls.o
LOAD ./Core/Src/sysmem.o
LOAD ./Core/Src/system_stm32l4xx.o
LOAD ./Core/Startup/startup_stm32l431rctx.o
LOAD ./Drivers/STM32L4xx_HAL_Driver/Src/stm32l4xx_hal.o
LOAD ./Drivers/STM32L4xx_HAL_Driver/Src/stm32l4xx_hal_adc.o
LOAD ./Drivers/STM32L4xx_HAL_Driver/Src/stm32l4xx_hal_adc_ex.o
LOAD ./Drivers/STM32L4xx_HAL_Driver/Src/stm32l4xx_hal_cortex.o
LOAD ./Drivers/STM32L4xx_HAL_Driver/Src/stm32l4xx_hal_dma.o
LOAD ./Drivers/STM32L4xx_HAL_Driver/Src/stm32l4xx_hal_dma_ex.o
LOAD ./Drivers/STM32L4xx_HAL_Driver/Src/stm32l4xx_hal_exti.o
LOAD ./Drivers/STM32L4xx_HAL_Driver/Src/stm32l4xx_hal_flash.o
LOAD ./Drivers/STM32L4xx_HAL_Driver/Src/stm32l4xx_hal_flash_ex.o
LOAD ./Drivers/STM32L4xx_HAL_Driver/Src/stm32l4xx_hal_flash_ramfunc.o
LOAD ./Drivers/STM32L4xx_HAL_Driver/Src/stm32l4xx_hal_gpio.o
LOAD ./Drivers/STM32L4xx_HAL_Driver/Src/stm32l4xx_hal_i2c.o
LOAD ./Drivers/STM32L4xx_HAL_Driver/Src/stm32l4xx_hal_i2c_ex.o
LOAD ./Drivers/STM32L4xx_HAL_Driver/Src/stm32l4xx_hal_pwr.o
LOAD ./Drivers/STM32L4xx_HAL_Driver/Src/stm32l4xx_hal_pwr_ex.o
LOAD ./Drivers/STM32L4xx_HAL_Driver/Src/stm32l4xx_hal_rcc.o
LOAD ./Drivers/STM32L4xx_HAL_Driver/Src/stm32l4xx_hal_rcc_ex.o
LOAD ./Drivers/STM32L4xx_HAL_Driver/Src/stm32l4xx_hal_rtc.o
LOAD ./Drivers/STM32L4xx_HAL_Driver/Src/stm32l4xx_hal_rtc_ex.o
LOAD ./Drivers/STM32L4xx_HAL_Driver/Src/stm32l4xx_hal_spi.o
LOAD ./Drivers/STM32L4xx_HAL_Driver/Src/stm32l4xx_hal_spi_ex.o
LOAD ./Drivers/STM32L4xx_HAL_Driver/Src/stm32l4xx_hal_uart.o
LOAD ./Drivers/STM32L4xx_HAL_Driver/Src/stm32l4xx_hal_uart_ex.o
START GROUP
LOAD C:/ST/STM32CubeIDE_2.0.0/STM32CubeIDE/plugins/com.st.stm32cube.ide.mcu.externaltools.gnu-tools-for-stm32.14.3.rel1.win32_1.0.100.202602081740/tools/bin/../lib/gcc/arm-none-eabi/14.3.1/../../../../arm-none-eabi/lib/thumb/v7e-m+fp/hard\libc_nano.a
LOAD C:/ST/STM32CubeIDE_2.0.0/STM32CubeIDE/plugins/com.st.stm32cube.ide.mcu.externaltools.gnu-tools-for-stm32.14.3.rel1.win32_1.0.100.202602081740/tools/bin/../lib/gcc/arm-none-eabi/14.3.1/../../../../arm-none-eabi/lib/thumb/v7e-m+fp/hard\libm.a
END GROUP
START GROUP
LOAD C:/ST/STM32CubeIDE_2.0.0/STM32CubeIDE/plugins/com.st.stm32cube.ide.mcu.externaltools.gnu-tools-for-stm32.14.3.rel1.win32_1.0.100.202602081740/tools/bin/../lib/gcc/arm-none-eabi/14.3.1/thumb/v7e-m+fp/hard\libgcc.a
LOAD C:/ST/STM32CubeIDE_2.0.0/STM32CubeIDE/plugins/com.st.stm32cube.ide.mcu.externaltools.gnu-tools-for-stm32.14.3.rel1.win32_1.0.100.202602081740/tools/bin/../lib/gcc/arm-none-eabi/14.3.1/../../../../arm-none-eabi/lib/thumb/v7e-m+fp/hard\libc_nano.a
END GROUP
START GROUP
LOAD C:/ST/STM32CubeIDE_2.0.0/STM32CubeIDE/plugins/com.st.stm32cube.ide.mcu.externaltools.gnu-tools-for-stm32.14.3.rel1.win32_1.0.100.202602081740/tools/bin/../lib/gcc/arm-none-eabi/14.3.1/thumb/v7e-m+fp/hard\libgcc.a
LOAD C:/ST/STM32CubeIDE_2.0.0/STM32CubeIDE/plugins/com.st.stm32cube.ide.mcu.externaltools.gnu-tools-for-stm32.14.3.rel1.win32_1.0.100.202602081740/tools/bin/../lib/gcc/arm-none-eabi/14.3.1/../../../../arm-none-eabi/lib/thumb/v7e-m+fp/hard\libc_nano.a
LOAD C:/ST/STM32CubeIDE_2.0.0/STM32CubeIDE/plugins/com.st.stm32cube.ide.mcu.externaltools.gnu-tools-for-stm32.14.3.rel1.win32_1.0.100.202602081740/tools/bin/../lib/gcc/arm-none-eabi/14.3.1/../../../../arm-none-eabi/lib/thumb/v7e-m+fp/hard\libnosys.a
END GROUP
START GROUP
LOAD C:/ST/STM32CubeIDE_2.0.0/STM32CubeIDE/plugins/com.st.stm32cube.ide.mcu.externaltools.gnu-tools-for-stm32.14.3.rel1.win32_1.0.100.202602081740/tools/bin/../lib/gcc/arm-none-eabi/14.3.1/thumb/v7e-m+fp/hard\libgcc.a
LOAD C:/ST/STM32CubeIDE_2.0.0/STM32CubeIDE/plugins/com.st.stm32cube.ide.mcu.externaltools.gnu-tools-for-stm32.14.3.rel1.win32_1.0.100.202602081740/tools/bin/../lib/gcc/arm-none-eabi/14.3.1/../../../../arm-none-eabi/lib/thumb/v7e-m+fp/hard\libc_nano.a
LOAD C:/ST/STM32CubeIDE_2.0.0/STM32CubeIDE/plugins/com.st.stm32cube.ide.mcu.externaltools.gnu-tools-for-stm32.14.3.rel1.win32_1.0.100.202602081740/tools/bin/../lib/gcc/arm-none-eabi/14.3.1/../../../../arm-none-eabi/lib/thumb/v7e-m+fp/hard\libnosys.a
END GROUP
LOAD C:/ST/STM32CubeIDE_2.0.0/STM32CubeIDE/plugins/com.st.stm32cube.ide.mcu.externaltools.gnu-tools-for-stm32.14.3.rel1.win32_1.0.100.202602081740/tools/bin/../lib/gcc/arm-none-eabi/14.3.1/thumb/v7e-m+fp/hard/crtend.o
LOAD C:/ST/STM32CubeIDE_2.0.0/STM32CubeIDE/plugins/com.st.stm32cube.ide.mcu.externaltools.gnu-tools-for-stm32.14.3.rel1.win32_1.0.100.202602081740/tools/bin/../lib/gcc/arm-none-eabi/14.3.1/thumb/v7e-m+fp/hard/crtn.o
                0x2000c000                        _estack = (ORIGIN (RAM) + LENGTH (RAM))
                0x00000200                        _Min_Heap_Size = 0x200
                0x00000400                        _Min_Stack_Size = 0x400

.isr_vector     0x08000000      0x18c
                0x08000000                        . = ALIGN (0x4)
 *(.isr_vector)
 .isr_vector    0x08000000      0x18c ./Core/Startup/startup_stm32l431rctx.o
                0x08000000                g_pfnVectors
                0x0800018c                        . = ALIGN (0x4)

.text           0x0800018c     0x5bdc
                0x0800018c                        . = ALIGN (0x4)
 *(.text)
 .text          0x0800018c       0x40 C:/ST/STM32CubeIDE_2.0.0/STM32CubeIDE/plugins/com.st.stm32cube.ide.mcu.externaltools.gnu-tools-for-stm32.14.3.rel1.win32_1.0.100.202602081740/tools/bin/../lib/gcc/arm-none-eabi/14.3.1/thumb/v7e-m+fp/hard/crtbegin.o
 .text          0x080001cc       0x30 C:/ST/STM32CubeIDE_2.0.0/STM32CubeIDE/plugins/com.st.stm32cube.ide.mcu.externaltools.gnu-tools-for-stm32.14.3.rel1.win32_1.0.100.202602081740/tools/bin/../lib/gcc/arm-none-eabi/14.3.1/thumb/v7e-m+fp/hard\libgcc.a(_aeabi_uldivmod.o)
                0x080001cc                __aeabi_uldivmod
 .text          0x080001fc      0x2f8 C:/ST/STM32CubeIDE_2.0.0/STM32CubeIDE/plugins/com.st.stm32cube.ide.mcu.externaltools.gnu-tools-for-stm32.14.3.rel1.win32_1.0.100.202602081740/tools/bin/../lib/gcc/arm-none-eabi/14.3.1/thumb/v7e-m+fp/hard\libgcc.a(_udivmoddi4.o)
                0x080001fc                __udivmoddi4
 .text          0x080004f4        0x4 C:/ST/STM32CubeIDE_2.0.0/STM32CubeIDE/plugins/com.st.stm32cube.ide.mcu.externaltools.gnu-tools-for-stm32.14.3.rel1.win32_1.0.100.202602081740/tools/bin/../lib/gcc/arm-none-eabi/14.3.1/thumb/v7e-m+fp/hard\libgcc.a(_dvmd_tls.o)
                0x080004f4                __aeabi_idiv0
                0x080004f4                __aeabi_ldiv0
 *(.text*)
 .text.AT24C32_Init
                0x080004f8       0x28 ./Core/Src/AT24C32.o
                0x080004f8                AT24C32_Init
 .text.BC660K_Init
                0x08000520       0x38 ./Core/Src/BC660K-GL.o
                0x08000520                BC660K_Init
 .text.HT1621B_Delay
                0x08000558       0x26 ./Core/Src/HT1621B.o
 .text.HT1621B_WriteBit
                0x0800057e       0x56 ./Core/Src/HT1621B.o
 .text.HT1621B_WriteBits
                0x080005d4       0x46 ./Core/Src/HT1621B.o
 .text.HT1621B_WriteCmd
                0x0800061a       0x5a ./Core/Src/HT1621B.o
                0x0800061a                HT1621B_WriteCmd
 .text.HT1621B_WriteData
                0x08000674       0x62 ./Core/Src/HT1621B.o
                0x08000674                HT1621B_WriteData
 .text.HT1621B_Clear
                0x080006d6       0x30 ./Core/Src/HT1621B.o
                0x080006d6                HT1621B_Clear
 .text.HT1621_Init
                0x08000706       0xa4 ./Core/Src/HT1621B.o
                0x08000706                HT1621_Init
 .text.TDC1000_Init
                0x080007aa       0x44 ./Core/Src/TDC1000.o
                0x080007aa                TDC1000_Init
 .text.TDC7200_Init
                0x080007ee       0x38 ./Core/Src/TDC7200.o
                0x080007ee                TDC7200_Init
 *fill*         0x08000826        0x2 
 .text.TDC7200_GetTOF
                0x08000828      0x25c ./Core/Src/TDC7200.o
                0x08000828                TDC7200_GetTOF
 .text.HAL_GPIO_EXTI_Callback
                0x08000a84       0x24 ./Core/Src/main.o
                0x08000a84                HAL_GPIO_EXTI_Callback
 .text.main     0x08000aa8       0xe0 ./Core/Src/main.o
                0x08000aa8                main
 .text.SystemClock_Config
                0x08000b88       0x90 ./Core/Src/main.o
                0x08000b88                SystemClock_Config
 .text.MX_ADC1_Init
                0x08000c18       0xe8 ./Core/Src/main.o
 .text.MX_I2C2_Init
                0x08000d00       0x80 ./Core/Src/main.o
 .text.MX_RTC_Init
                0x08000d80       0x50 ./Core/Src/main.o
 .text.MX_SPI1_Init
                0x08000dd0       0x7c ./Core/Src/main.o
 .text.MX_USART1_UART_Init
                0x08000e4c       0x64 ./Core/Src/main.o
 .text.MX_USART3_UART_Init
                0x08000eb0       0x60 ./Core/Src/main.o
 .text.MX_GPIO_Init
                0x08000f10      0x164 ./Core/Src/main.o
 .text.Error_Handler
                0x08001074        0xc ./Core/Src/main.o
                0x08001074                Error_Handler
 .text.HAL_MspInit
                0x08001080       0x48 ./Core/Src/stm32l4xx_hal_msp.o
                0x08001080                HAL_MspInit
 .text.HAL_ADC_MspInit
                0x080010c8       0xc8 ./Core/Src/stm32l4xx_hal_msp.o
                0x080010c8                HAL_ADC_MspInit
 .text.HAL_I2C_MspInit
                0x08001190       0xb4 ./Core/Src/stm32l4xx_hal_msp.o
                0x08001190                HAL_I2C_MspInit
 .text.HAL_RTC_MspInit
                0x08001244       0x60 ./Core/Src/stm32l4xx_hal_msp.o
                0x08001244                HAL_RTC_MspInit
 .text.HAL_SPI_MspInit
                0x080012a4       0x84 ./Core/Src/stm32l4xx_hal_msp.o
                0x080012a4                HAL_SPI_MspInit
 .text.HAL_UART_MspInit
                0x08001328      0x14c ./Core/Src/stm32l4xx_hal_msp.o
                0x08001328                HAL_UART_MspInit
 .text.NMI_Handler
                0x08001474        0x8 ./Core/Src/stm32l4xx_it.o
                0x08001474                NMI_Handler
 .text.HardFault_Handler
                0x0800147c        0x8 ./Core/Src/stm32l4xx_it.o
                0x0800147c                HardFault_Handler
 .text.MemManage_Handler
                0x08001484        0x8 ./Core/Src/stm32l4xx_it.o
                0x08001484                MemManage_Handler
 .text.BusFault_Handler
                0x0800148c        0x8 ./Core/Src/stm32l4xx_it.o
                0x0800148c                BusFault_Handler
 .text.UsageFault_Handler
                0x08001494        0x8 ./Core/Src/stm32l4xx_it.o
                0x08001494                UsageFault_Handler
 .text.SVC_Handler
                0x0800149c        0xe ./Core/Src/stm32l4xx_it.o
                0x0800149c                SVC_Handler
 .text.DebugMon_Handler
                0x080014aa        0xe ./Core/Src/stm32l4xx_it.o
                0x080014aa                DebugMon_Handler
 .text.PendSV_Handler
                0x080014b8        0xe ./Core/Src/stm32l4xx_it.o
                0x080014b8                PendSV_Handler
 .text.SysTick_Handler
                0x080014c6        0xc ./Core/Src/stm32l4xx_it.o
                0x080014c6                SysTick_Handler
 .text.EXTI1_IRQHandler
                0x080014d2        0xe ./Core/Src/stm32l4xx_it.o
                0x080014d2                EXTI1_IRQHandler
 .text.EXTI4_IRQHandler
                0x080014e0        0xe ./Core/Src/stm32l4xx_it.o
                0x080014e0                EXTI4_IRQHandler
 *fill*         0x080014ee        0x2 
 .text.USART1_IRQHandler
                0x080014f0       0x14 ./Core/Src/stm32l4xx_it.o
                0x080014f0                USART1_IRQHandler
 .text.SystemInit
                0x08001504       0x24 ./Core/Src/system_stm32l4xx.o
                0x08001504                SystemInit
 .text.Reset_Handler
                0x08001528       0x50 ./Core/Startup/startup_stm32l431rctx.o
                0x08001528                Reset_Handler
 .text.Default_Handler
                0x08001578        0x2 ./Core/Startup/startup_stm32l431rctx.o
                0x08001578                RTC_Alarm_IRQHandler
                0x08001578                EXTI2_IRQHandler
                0x08001578                TIM1_CC_IRQHandler
                0x08001578                TSC_IRQHandler
                0x08001578                TAMP_STAMP_IRQHandler
                0x08001578                EXTI3_IRQHandler
                0x08001578                LPTIM2_IRQHandler
                0x08001578                I2C3_ER_IRQHandler
                0x08001578                EXTI0_IRQHandler
                0x08001578                I2C2_EV_IRQHandler
                0x08001578                CAN1_RX0_IRQHandler
                0x08001578                FPU_IRQHandler
                0x08001578                TIM1_UP_TIM16_IRQHandler
                0x08001578                SPI1_IRQHandler
                0x08001578                TIM6_DAC_IRQHandler
                0x08001578                DMA2_Channel2_IRQHandler
                0x08001578                DMA1_Channel4_IRQHandler
                0x08001578                ADC1_IRQHandler
                0x08001578                USART3_IRQHandler
                0x08001578                DMA1_Channel7_IRQHandler
                0x08001578                CAN1_RX1_IRQHandler
                0x08001578                DMA2_Channel1_IRQHandler
                0x08001578                QUADSPI_IRQHandler
                0x08001578                I2C1_EV_IRQHandler
                0x08001578                DMA1_Channel6_IRQHandler
                0x08001578                DMA2_Channel4_IRQHandler
                0x08001578                RCC_IRQHandler
                0x08001578                TIM1_TRG_COM_IRQHandler
                0x08001578                DMA1_Channel1_IRQHandler
                0x08001578                Default_Handler
                0x08001578                DMA2_Channel7_IRQHandler
                0x08001578                EXTI15_10_IRQHandler
                0x08001578                TIM7_IRQHandler
                0x08001578                SDMMC1_IRQHandler
                0x08001578                I2C3_EV_IRQHandler
                0x08001578                EXTI9_5_IRQHandler
                0x08001578                RTC_WKUP_IRQHandler
                0x08001578                PVD_PVM_IRQHandler
                0x08001578                SPI2_IRQHandler
                0x08001578                CAN1_TX_IRQHandler
                0x08001578                DMA2_Channel5_IRQHandler
                0x08001578                CRS_IRQHandler
                0x08001578                DMA1_Channel5_IRQHandler
                0x08001578                RNG_IRQHandler
                0x08001578                DMA1_Channel3_IRQHandler
                0x08001578                COMP_IRQHandler
                0x08001578                WWDG_IRQHandler
                0x08001578                LPUART1_IRQHandler
                0x08001578                DMA2_Channel6_IRQHandler
                0x08001578                TIM2_IRQHandler
                0x08001578                USART2_IRQHandler
                0x08001578                I2C2_ER_IRQHandler
                0x08001578                DMA1_Channel2_IRQHandler
                0x08001578                CAN1_SCE_IRQHandler
                0x08001578                FLASH_IRQHandler
                0x08001578                SPI3_IRQHandler
                0x08001578                I2C1_ER_IRQHandler
                0x08001578                SWPMI1_IRQHandler
                0x08001578                LPTIM1_IRQHandler
                0x08001578                SAI1_IRQHandler
                0x08001578                DMA2_Channel3_IRQHandler
                0x08001578                TIM1_BRK_TIM15_IRQHandler
 .text.HAL_Init
                0x0800157a       0x30 ./Drivers/STM32L4xx_HAL_Driver/Src/stm32l4xx_hal.o
                0x0800157a                HAL_Init
 *fill*         0x080015aa        0x2 
 .text.HAL_InitTick
                0x080015ac       0x78 ./Drivers/STM32L4xx_HAL_Driver/Src/stm32l4xx_hal.o
                0x080015ac                HAL_InitTick
 .text.HAL_IncTick
                0x08001624       0x28 ./Drivers/STM32L4xx_HAL_Driver/Src/stm32l4xx_hal.o
                0x08001624                HAL_IncTick
 .text.HAL_GetTick
                0x0800164c       0x18 ./Drivers/STM32L4xx_HAL_Driver/Src/stm32l4xx_hal.o
                0x0800164c                HAL_GetTick
 .text.LL_ADC_SetCommonClock
                0x08001664       0x26 ./Drivers/STM32L4xx_HAL_Driver/Src/stm32l4xx_hal_adc.o
 .text.LL_ADC_SetCommonPathInternalCh
                0x0800168a       0x26 ./Drivers/STM32L4xx_HAL_Driver/Src/stm32l4xx_hal_adc.o
 .text.LL_ADC_GetCommonPathInternalCh
                0x080016b0       0x1c ./Drivers/STM32L4xx_HAL_Driver/Src/stm32l4xx_hal_adc.o
 .text.LL_ADC_SetOffset
                0x080016cc       0x48 ./Drivers/STM32L4xx_HAL_Driver/Src/stm32l4xx_hal_adc.o
 .text.LL_ADC_GetOffsetChannel
                0x08001714       0x2c ./Drivers/STM32L4xx_HAL_Driver/Src/stm32l4xx_hal_adc.o
 .text.LL_ADC_SetOffsetState
                0x08001740       0x36 ./Drivers/STM32L4xx_HAL_Driver/Src/stm32l4xx_hal_adc.o
 .text.LL_ADC_REG_SetSequencerRanks
                0x08001776       0x58 ./Drivers/STM32L4xx_HAL_Driver/Src/stm32l4xx_hal_adc.o
 .text.LL_ADC_SetChannelSamplingTime
                0x080017ce       0x56 ./Drivers/STM32L4xx_HAL_Driver/Src/stm32l4xx_hal_adc.o
 .text.LL_ADC_SetChannelSingleDiff
                0x08001824       0x48 ./Drivers/STM32L4xx_HAL_Driver/Src/stm32l4xx_hal_adc.o
 .text.LL_ADC_DisableDeepPowerDown
                0x0800186c       0x24 ./Drivers/STM32L4xx_HAL_Driver/Src/stm32l4xx_hal_adc.o
 .text.LL_ADC_IsDeepPowerDownEnabled
                0x08001890       0x28 ./Drivers/STM32L4xx_HAL_Driver/Src/stm32l4xx_hal_adc.o
 .text.LL_ADC_EnableInternalRegulator
                0x080018b8       0x28 ./Drivers/STM32L4xx_HAL_Driver/Src/stm32l4xx_hal_adc.o
 .text.LL_ADC_IsInternalRegulatorEnabled
                0x080018e0       0x28 ./Drivers/STM32L4xx_HAL_Driver/Src/stm32l4xx_hal_adc.o
 .text.LL_ADC_IsEnabled
                0x08001908       0x26 ./Drivers/STM32L4xx_HAL_Driver/Src/stm32l4xx_hal_adc.o
 .text.LL_ADC_REG_IsConversionOngoing
                0x0800192e       0x26 ./Drivers/STM32L4xx_HAL_Driver/Src/stm32l4xx_hal_adc.o
 .text.LL_ADC_INJ_IsConversionOngoing
                0x08001954       0x26 ./Drivers/STM32L4xx_HAL_Driver/Src/stm32l4xx_hal_adc.o
 *fill*         0x0800197a        0x2 
 .text.HAL_ADC_Init
                0x0800197c      0x284 ./Drivers/STM32L4xx_HAL_Driver/Src/stm32l4xx_hal_adc.o
                0x0800197c                HAL_ADC_Init
 .text.HAL_ADC_ConfigChannel
                0x08001c00      0x7c4 ./Drivers/STM32L4xx_HAL_Driver/Src/stm32l4xx_hal_adc.o
                0x08001c00                HAL_ADC_ConfigChannel
 .text.__NVIC_SetPriorityGrouping
                0x080023c4       0x48 ./Drivers/STM32L4xx_HAL_Driver/Src/stm32l4xx_hal_cortex.o
 .text.__NVIC_GetPriorityGrouping
                0x0800240c       0x1c ./Drivers/STM32L4xx_HAL_Driver/Src/stm32l4xx_hal_cortex.o
 .text.__NVIC_EnableIRQ
                0x08002428       0x3c ./Drivers/STM32L4xx_HAL_Driver/Src/stm32l4xx_hal_cortex.o
 .text.__NVIC_SetPriority
                0x08002464       0x54 ./Drivers/STM32L4xx_HAL_Driver/Src/stm32l4xx_hal_cortex.o
 .text.NVIC_EncodePriority
                0x080024b8       0x66 ./Drivers/STM32L4xx_HAL_Driver/Src/stm32l4xx_hal_cortex.o
 *fill*         0x0800251e        0x2 
 .text.SysTick_Config
                0x08002520       0x44 ./Drivers/STM32L4xx_HAL_Driver/Src/stm32l4xx_hal_cortex.o
 .text.HAL_NVIC_SetPriorityGrouping
                0x08002564       0x16 ./Drivers/STM32L4xx_HAL_Driver/Src/stm32l4xx_hal_cortex.o
                0x08002564                HAL_NVIC_SetPriorityGrouping
 .text.HAL_NVIC_SetPriority
                0x0800257a       0x38 ./Drivers/STM32L4xx_HAL_Driver/Src/stm32l4xx_hal_cortex.o
                0x0800257a                HAL_NVIC_SetPriority
 .text.HAL_NVIC_EnableIRQ
                0x080025b2       0x1c ./Drivers/STM32L4xx_HAL_Driver/Src/stm32l4xx_hal_cortex.o
                0x080025b2                HAL_NVIC_EnableIRQ
 .text.HAL_SYSTICK_Config
                0x080025ce       0x18 ./Drivers/STM32L4xx_HAL_Driver/Src/stm32l4xx_hal_cortex.o
                0x080025ce                HAL_SYSTICK_Config
 .text.HAL_DMA_Abort
                0x080025e6       0x82 ./Drivers/STM32L4xx_HAL_Driver/Src/stm32l4xx_hal_dma.o
                0x080025e6                HAL_DMA_Abort
 .text.HAL_DMA_Abort_IT
                0x08002668       0x82 ./Drivers/STM32L4xx_HAL_Driver/Src/stm32l4xx_hal_dma.o
                0x08002668                HAL_DMA_Abort_IT
 *fill*         0x080026ea        0x2 
 .text.HAL_GPIO_Init
                0x080026ec      0x2f4 ./Drivers/STM32L4xx_HAL_Driver/Src/stm32l4xx_hal_gpio.o
                0x080026ec                HAL_GPIO_Init
 .text.HAL_GPIO_WritePin
                0x080029e0       0x30 ./Drivers/STM32L4xx_HAL_Driver/Src/stm32l4xx_hal_gpio.o
                0x080029e0                HAL_GPIO_WritePin
 .text.HAL_GPIO_EXTI_IRQHandler
                0x08002a10       0x30 ./Drivers/STM32L4xx_HAL_Driver/Src/stm32l4xx_hal_gpio.o
                0x08002a10                HAL_GPIO_EXTI_IRQHandler
 .text.HAL_I2C_Init
                0x08002a40      0x136 ./Drivers/STM32L4xx_HAL_Driver/Src/stm32l4xx_hal_i2c.o
                0x08002a40                HAL_I2C_Init
 .text.HAL_I2CEx_ConfigAnalogFilter
                0x08002b76       0x96 ./Drivers/STM32L4xx_HAL_Driver/Src/stm32l4xx_hal_i2c_ex.o
                0x08002b76                HAL_I2CEx_ConfigAnalogFilter
 .text.HAL_I2CEx_ConfigDigitalFilter
                0x08002c0c       0x98 ./Drivers/STM32L4xx_HAL_Driver/Src/stm32l4xx_hal_i2c_ex.o
                0x08002c0c                HAL_I2CEx_ConfigDigitalFilter
 .text.HAL_PWR_EnterSTANDBYMode
                0x08002ca4       0x34 ./Drivers/STM32L4xx_HAL_Driver/Src/stm32l4xx_hal_pwr.o
                0x08002ca4                HAL_PWR_EnterSTANDBYMode
 .text.HAL_PWREx_GetVoltageRange
                0x08002cd8       0x1c ./Drivers/STM32L4xx_HAL_Driver/Src/stm32l4xx_hal_pwr_ex.o
                0x08002cd8                HAL_PWREx_GetVoltageRange
 .text.HAL_PWREx_ControlVoltageScaling
                0x08002cf4       0xac ./Drivers/STM32L4xx_HAL_Driver/Src/stm32l4xx_hal_pwr_ex.o
                0x08002cf4                HAL_PWREx_ControlVoltageScaling
 .text.HAL_RCC_OscConfig
                0x08002da0      0x828 ./Drivers/STM32L4xx_HAL_Driver/Src/stm32l4xx_hal_rcc.o
                0x08002da0                HAL_RCC_OscConfig
 .text.HAL_RCC_ClockConfig
                0x080035c8      0x200 ./Drivers/STM32L4xx_HAL_Driver/Src/stm32l4xx_hal_rcc.o
                0x080035c8                HAL_RCC_ClockConfig
 .text.HAL_RCC_GetSysClockFreq
                0x080037c8      0x118 ./Drivers/STM32L4xx_HAL_Driver/Src/stm32l4xx_hal_rcc.o
                0x080037c8                HAL_RCC_GetSysClockFreq
 .text.HAL_RCC_GetHCLKFreq
                0x080038e0       0x18 ./Drivers/STM32L4xx_HAL_Driver/Src/stm32l4xx_hal_rcc.o
                0x080038e0                HAL_RCC_GetHCLKFreq
 .text.HAL_RCC_GetPCLK1Freq
                0x080038f8       0x2c ./Drivers/STM32L4xx_HAL_Driver/Src/stm32l4xx_hal_rcc.o
                0x080038f8                HAL_RCC_GetPCLK1Freq
 .text.HAL_RCC_GetPCLK2Freq
                0x08003924       0x2c ./Drivers/STM32L4xx_HAL_Driver/Src/stm32l4xx_hal_rcc.o
                0x08003924                HAL_RCC_GetPCLK2Freq
 .text.RCC_SetFlashLatencyFromMSIRange
                0x08003950       0xc0 ./Drivers/STM32L4xx_HAL_Driver/Src/stm32l4xx_hal_rcc.o
 .text.HAL_RCCEx_PeriphCLKConfig
                0x08003a10      0x430 ./Drivers/STM32L4xx_HAL_Driver/Src/stm32l4xx_hal_rcc_ex.o
                0x08003a10                HAL_RCCEx_PeriphCLKConfig
 .text.RCCEx_PLLSAI1_Config
                0x08003e40      0x1e4 ./Drivers/STM32L4xx_HAL_Driver/Src/stm32l4xx_hal_rcc_ex.o
 .text.HAL_RTC_Init
                0x08004024      0x110 ./Drivers/STM32L4xx_HAL_Driver/Src/stm32l4xx_hal_rtc.o
                0x08004024                HAL_RTC_Init
 .text.HAL_RTC_WaitForSynchro
                0x08004134       0x48 ./Drivers/STM32L4xx_HAL_Driver/Src/stm32l4xx_hal_rtc.o
                0x08004134                HAL_RTC_WaitForSynchro
 .text.RTC_EnterInitMode
                0x0800417c       0x66 ./Drivers/STM32L4xx_HAL_Driver/Src/stm32l4xx_hal_rtc.o
                0x0800417c                RTC_EnterInitMode
 *fill*         0x080041e2        0x2 
 .text.RTC_ExitInitMode
                0x080041e4       0x7c ./Drivers/STM32L4xx_HAL_Driver/Src/stm32l4xx_hal_rtc.o
                0x080041e4                RTC_ExitInitMode
 .text.HAL_RTCEx_SetWakeUpTimer_IT
                0x08004260      0x128 ./Drivers/STM32L4xx_HAL_Driver/Src/stm32l4xx_hal_rtc_ex.o
                0x08004260                HAL_RTCEx_SetWakeUpTimer_IT
 .text.HAL_SPI_Init
                0x08004388      0x146 ./Drivers/STM32L4xx_HAL_Driver/Src/stm32l4xx_hal_spi.o
                0x08004388                HAL_SPI_Init
 .text.HAL_SPI_TransmitReceive
                0x080044ce      0x43e ./Drivers/STM32L4xx_HAL_Driver/Src/stm32l4xx_hal_spi.o
                0x080044ce                HAL_SPI_TransmitReceive
 .text.SPI_WaitFlagStateUntilTimeout
                0x0800490c      0x110 ./Drivers/STM32L4xx_HAL_Driver/Src/stm32l4xx_hal_spi.o
 .text.SPI_WaitFifoStateUntilTimeout
                0x08004a1c      0x12c ./Drivers/STM32L4xx_HAL_Driver/Src/stm32l4xx_hal_spi.o
 .text.SPI_EndRxTxTransaction
                0x08004b48       0x8c ./Drivers/STM32L4xx_HAL_Driver/Src/stm32l4xx_hal_spi.o
 .text.HAL_UART_Init
                0x08004bd4       0x9c ./Drivers/STM32L4xx_HAL_Driver/Src/stm32l4xx_hal_uart.o
                0x08004bd4                HAL_UART_Init
 .text.HAL_UART_IRQHandler
                0x08004c70      0x60c ./Drivers/STM32L4xx_HAL_Driver/Src/stm32l4xx_hal_uart.o
                0x08004c70                HAL_UART_IRQHandler
 .text.HAL_UART_TxCpltCallback
                0x0800527c       0x14 ./Drivers/STM32L4xx_HAL_Driver/Src/stm32l4xx_hal_uart.o
                0x0800527c                HAL_UART_TxCpltCallback
 .text.HAL_UART_ErrorCallback
                0x08005290       0x14 ./Drivers/STM32L4xx_HAL_Driver/Src/stm32l4xx_hal_uart.o
                0x08005290                HAL_UART_ErrorCallback
 .text.HAL_UARTEx_RxEventCallback
                0x080052a4       0x18 ./Drivers/STM32L4xx_HAL_Driver/Src/stm32l4xx_hal_uart.o
                0x080052a4                HAL_UARTEx_RxEventCallback
 .text.UART_SetConfig
                0x080052bc      0x4b4 ./Drivers/STM32L4xx_HAL_Driver/Src/stm32l4xx_hal_uart.o
                0x080052bc                UART_SetConfig
 .text.UART_AdvFeatureConfig
                0x08005770      0x144 ./Drivers/STM32L4xx_HAL_Driver/Src/stm32l4xx_hal_uart.o
                0x08005770                UART_AdvFeatureConfig
 .text.UART_CheckIdleState
                0x080058b4      0x150 ./Drivers/STM32L4xx_HAL_Driver/Src/stm32l4xx_hal_uart.o
                0x080058b4                UART_CheckIdleState
 .text.UART_WaitOnFlagUntilTimeout
                0x08005a04       0xda ./Drivers/STM32L4xx_HAL_Driver/Src/stm32l4xx_hal_uart.o
                0x08005a04                UART_WaitOnFlagUntilTimeout
 .text.UART_EndRxTransfer
                0x08005ade       0xc8 ./Drivers/STM32L4xx_HAL_Driver/Src/stm32l4xx_hal_uart.o
 .text.UART_DMAAbortOnError
                0x08005ba6       0x1c ./Drivers/STM32L4xx_HAL_Driver/Src/stm32l4xx_hal_uart.o
 .text.UART_EndTransmit_IT
                0x08005bc2       0x54 ./Drivers/STM32L4xx_HAL_Driver/Src/stm32l4xx_hal_uart.o
 .text.HAL_RS485Ex_Init
                0x08005c16       0xce ./Drivers/STM32L4xx_HAL_Driver/Src/stm32l4xx_hal_uart_ex.o
                0x08005c16                HAL_RS485Ex_Init
 .text.HAL_UARTEx_WakeupCallback
                0x08005ce4       0x14 ./Drivers/STM32L4xx_HAL_Driver/Src/stm32l4xx_hal_uart_ex.o
                0x08005ce4                HAL_UARTEx_WakeupCallback
 .text.memset   0x08005cf8       0x10 C:/ST/STM32CubeIDE_2.0.0/STM32CubeIDE/plugins/com.st.stm32cube.ide.mcu.externaltools.gnu-tools-for-stm32.14.3.rel1.win32_1.0.100.202602081740/tools/bin/../lib/gcc/arm-none-eabi/14.3.1/../../../../arm-none-eabi/lib/thumb/v7e-m+fp/hard\libc_nano.a(libc_a-memset.o)
                0x08005cf8                memset
 .text.__libc_init_array
                0x08005d08       0x48 C:/ST/STM32CubeIDE_2.0.0/STM32CubeIDE/plugins/com.st.stm32cube.ide.mcu.externaltools.gnu-tools-for-stm32.14.3.rel1.win32_1.0.100.202602081740/tools/bin/../lib/gcc/arm-none-eabi/14.3.1/../../../../arm-none-eabi/lib/thumb/v7e-m+fp/hard\libc_nano.a(libc_a-init.o)
                0x08005d08                __libc_init_array
 *(.glue_7)
 .glue_7        0x08005d50        0x0 linker stubs
 *(.glue_7t)
 .glue_7t       0x08005d50        0x0 linker stubs
 *(.eh_frame)
 .eh_frame      0x08005d50        0x0 C:/ST/STM32CubeIDE_2.0.0/STM32CubeIDE/plugins/com.st.stm32cube.ide.mcu.externaltools.gnu-tools-for-stm32.14.3.rel1.win32_1.0.100.202602081740/tools/bin/../lib/gcc/arm-none-eabi/14.3.1/thumb/v7e-m+fp/hard/crtbegin.o
 *(.init)
 .init          0x08005d50        0x4 C:/ST/STM32CubeIDE_2.0.0/STM32CubeIDE/plugins/com.st.stm32cube.ide.mcu.externaltools.gnu-tools-for-stm32.14.3.rel1.win32_1.0.100.202602081740/tools/bin/../lib/gcc/arm-none-eabi/14.3.1/thumb/v7e-m+fp/hard/crti.o
                0x08005d50                _init
 .init          0x08005d54        0x8 C:/ST/STM32CubeIDE_2.0.0/STM32CubeIDE/plugins/com.st.stm32cube.ide.mcu.externaltools.gnu-tools-for-stm32.14.3.rel1.win32_1.0.100.202602081740/tools/bin/../lib/gcc/arm-none-eabi/14.3.1/thumb/v7e-m+fp/hard/crtn.o
 *(.fini)
 .fini          0x08005d5c        0x4 C:/ST/STM32CubeIDE_2.0.0/STM32CubeIDE/plugins/com.st.stm32cube.ide.mcu.externaltools.gnu-tools-for-stm32.14.3.rel1.win32_1.0.100.202602081740/tools/bin/../lib/gcc/arm-none-eabi/14.3.1/thumb/v7e-m+fp/hard/crti.o
                0x08005d5c                _fini
 .fini          0x08005d60        0x8 C:/ST/STM32CubeIDE_2.0.0/STM32CubeIDE/plugins/com.st.stm32cube.ide.mcu.externaltools.gnu-tools-for-stm32.14.3.rel1.win32_1.0.100.202602081740/tools/bin/../lib/gcc/arm-none-eabi/14.3.1/thumb/v7e-m+fp/hard/crtn.o
                0x08005d68                        . = ALIGN (0x4)
                0x08005d68                        _etext = .

.vfp11_veneer   0x08005d68        0x0
 .vfp11_veneer  0x08005d68        0x0 linker stubs

.v4_bx          0x08005d68        0x0
 .v4_bx         0x08005d68        0x0 linker stubs

.iplt           0x08005d68        0x0
 .iplt          0x08005d68        0x0 C:/ST/STM32CubeIDE_2.0.0/STM32CubeIDE/plugins/com.st.stm32cube.ide.mcu.externaltools.gnu-tools-for-stm32.14.3.rel1.win32_1.0.100.202602081740/tools/bin/../lib/gcc/arm-none-eabi/14.3.1/thumb/v7e-m+fp/hard/crtbegin.o

.rodata         0x08005d68       0x74
                0x08005d68                        . = ALIGN (0x4)
 *(.rodata)
 .rodata        0x08005d68       0x2c ./Core/Src/TDC7200.o
 *(.rodata*)
 .rodata.AHBPrescTable
                0x08005d94       0x10 ./Core/Src/system_stm32l4xx.o
                0x08005d94                AHBPrescTable
 .rodata.APBPrescTable
                0x08005da4        0x8 ./Core/Src/system_stm32l4xx.o
                0x08005da4                APBPrescTable
 .rodata.MSIRangeTable
                0x08005dac       0x30 ./Core/Src/system_stm32l4xx.o
                0x08005dac                MSIRangeTable
                0x08005ddc                        . = ALIGN (0x4)

.ARM.extab      0x08005ddc        0x0
                0x08005ddc                        . = ALIGN (0x4)
 *(.ARM.extab* .gnu.linkonce.armextab.*)
                0x08005ddc                        . = ALIGN (0x4)

.ARM            0x08005ddc        0x8
                0x08005ddc                        . = ALIGN (0x4)
                0x08005ddc                        __exidx_start = .
 *(.ARM.exidx*)
 .ARM.exidx     0x08005ddc        0x8 C:/ST/STM32CubeIDE_2.0.0/STM32CubeIDE/plugins/com.st.stm32cube.ide.mcu.externaltools.gnu-tools-for-stm32.14.3.rel1.win32_1.0.100.202602081740/tools/bin/../lib/gcc/arm-none-eabi/14.3.1/thumb/v7e-m+fp/hard\libgcc.a(_udivmoddi4.o)
                0x08005de4                        __exidx_end = .
                0x08005de4                        . = ALIGN (0x4)

.preinit_array  0x08005de4        0x0
                0x08005de4                        . = ALIGN (0x4)
                0x08005de4                        PROVIDE (__preinit_array_start = .)
 *(.preinit_array*)
                0x08005de4                        PROVIDE (__preinit_array_end = .)
                0x08005de4                        . = ALIGN (0x4)

.init_array     0x08005de4        0x4
                0x08005de4                        . = ALIGN (0x4)
                0x08005de4                        PROVIDE (__init_array_start = .)
 *(SORT_BY_NAME(.init_array.*))
 *(.init_array*)
 .init_array    0x08005de4        0x4 C:/ST/STM32CubeIDE_2.0.0/STM32CubeIDE/plugins/com.st.stm32cube.ide.mcu.externaltools.gnu-tools-for-stm32.14.3.rel1.win32_1.0.100.202602081740/tools/bin/../lib/gcc/arm-none-eabi/14.3.1/thumb/v7e-m+fp/hard/crtbegin.o
                0x08005de8                        PROVIDE (__init_array_end = .)
                0x08005de8                        . = ALIGN (0x4)

.fini_array     0x08005de8        0x4
                0x08005de8                        . = ALIGN (0x4)
                [!provide]                        PROVIDE (__fini_array_start = .)
 *(SORT_BY_NAME(.fini_array.*))
 *(.fini_array*)
 .fini_array    0x08005de8        0x4 C:/ST/STM32CubeIDE_2.0.0/STM32CubeIDE/plugins/com.st.stm32cube.ide.mcu.externaltools.gnu-tools-for-stm32.14.3.rel1.win32_1.0.100.202602081740/tools/bin/../lib/gcc/arm-none-eabi/14.3.1/thumb/v7e-m+fp/hard/crtbegin.o
                [!provide]                        PROVIDE (__fini_array_end = .)
                0x08005dec                        . = ALIGN (0x4)
                0x08005dec                        _sidata = LOADADDR (.data)

.rel.dyn        0x08005dec        0x0
 .rel.iplt      0x08005dec        0x0 C:/ST/STM32CubeIDE_2.0.0/STM32CubeIDE/plugins/com.st.stm32cube.ide.mcu.externaltools.gnu-tools-for-stm32.14.3.rel1.win32_1.0.100.202602081740/tools/bin/../lib/gcc/arm-none-eabi/14.3.1/thumb/v7e-m+fp/hard/crtbegin.o

.data           0x20000000        0xc load address 0x08005dec
                0x20000000                        . = ALIGN (0x4)
                0x20000000                        _sdata = .
 *(.data)
 *(.data*)
 .data.SystemCoreClock
                0x20000000        0x4 ./Core/Src/system_stm32l4xx.o
                0x20000000                SystemCoreClock
 .data.uwTickPrio
                0x20000004        0x4 ./Drivers/STM32L4xx_HAL_Driver/Src/stm32l4xx_hal.o
                0x20000004                uwTickPrio
 .data.uwTickFreq
                0x20000008        0x1 ./Drivers/STM32L4xx_HAL_Driver/Src/stm32l4xx_hal.o
                0x20000008                uwTickFreq
 *(.RamFunc)
 *(.RamFunc*)
                0x2000000c                        . = ALIGN (0x4)
 *fill*         0x20000009        0x3 
                0x2000000c                        _edata = .

.igot.plt       0x2000000c        0x0 load address 0x08005df8
 .igot.plt      0x2000000c        0x0 C:/ST/STM32CubeIDE_2.0.0/STM32CubeIDE/plugins/com.st.stm32cube.ide.mcu.externaltools.gnu-tools-for-stm32.14.3.rel1.win32_1.0.100.202602081740/tools/bin/../lib/gcc/arm-none-eabi/14.3.1/thumb/v7e-m+fp/hard/crtbegin.o
                0x2000000c                        . = ALIGN (0x4)

.bss            0x2000000c      0x338 load address 0x08005df8
                0x2000000c                        _sbss = .
                0x2000000c                        __bss_start__ = _sbss
 *(.bss)
 .bss           0x2000000c       0x1c C:/ST/STM32CubeIDE_2.0.0/STM32CubeIDE/plugins/com.st.stm32cube.ide.mcu.externaltools.gnu-tools-for-stm32.14.3.rel1.win32_1.0.100.202602081740/tools/bin/../lib/gcc/arm-none-eabi/14.3.1/thumb/v7e-m+fp/hard/crtbegin.o
 *(.bss*)
 .bss.hadc1     0x20000028       0x64 ./Core/Src/main.o
                0x20000028                hadc1
 .bss.hi2c2     0x2000008c       0x54 ./Core/Src/main.o
                0x2000008c                hi2c2
 .bss.hrtc      0x200000e0       0x24 ./Core/Src/main.o
                0x200000e0                hrtc
 .bss.hspi1     0x20000104       0x64 ./Core/Src/main.o
                0x20000104                hspi1
 .bss.huart1    0x20000168       0x88 ./Core/Src/main.o
                0x20000168                huart1
 .bss.huart3    0x200001f0       0x88 ./Core/Src/main.o
                0x200001f0                huart3
 .bss.LCD1      0x20000278       0x24 ./Core/Src/main.o
                0x20000278                LCD1
 .bss.TDC1      0x2000029c       0x64 ./Core/Src/main.o
                0x2000029c                TDC1
 .bss.AFE1      0x20000300       0x24 ./Core/Src/main.o
                0x20000300                AFE1
 .bss.NB1       0x20000324       0x14 ./Core/Src/main.o
                0x20000324                NB1
 .bss.EPPROM1   0x20000338        0x8 ./Core/Src/main.o
                0x20000338                EPPROM1
 .bss.uwTick    0x20000340        0x4 ./Drivers/STM32L4xx_HAL_Driver/Src/stm32l4xx_hal.o
                0x20000340                uwTick
 *(COMMON)
                0x20000344                        . = ALIGN (0x4)
                0x20000344                        _ebss = .
                0x20000344                        __bss_end__ = _ebss

._user_heap_stack
                0x20000344      0x604 load address 0x08005df8
                0x20000348                        . = ALIGN (0x8)
 *fill*         0x20000344        0x4 
                [!provide]                        PROVIDE (end = .)
                0x20000348                        PROVIDE (_end = .)
                0x20000548                        . = (. + _Min_Heap_Size)
 *fill*         0x20000348      0x200 
                0x20000948                        . = (. + _Min_Stack_Size)
 *fill*         0x20000548      0x400 
                0x20000948                        . = ALIGN (0x8)

/DISCARD/
 libc.a(*)
 libm.a(*)
 libgcc.a(*)

.ARM.attributes
                0x00000000       0x30
 *(.ARM.attributes)
 .ARM.attributes
                0x00000000       0x22 C:/ST/STM32CubeIDE_2.0.0/STM32CubeIDE/plugins/com.st.stm32cube.ide.mcu.externaltools.gnu-tools-for-stm32.14.3.rel1.win32_1.0.100.202602081740/tools/bin/../lib/gcc/arm-none-eabi/14.3.1/thumb/v7e-m+fp/hard/crti.o
 .ARM.attributes
                0x00000022       0x34 C:/ST/STM32CubeIDE_2.0.0/STM32CubeIDE/plugins/com.st.stm32cube.ide.mcu.externaltools.gnu-tools-for-stm32.14.3.rel1.win32_1.0.100.202602081740/tools/bin/../lib/gcc/arm-none-eabi/14.3.1/thumb/v7e-m+fp/hard/crtbegin.o
 .ARM.attributes
                0x00000056       0x34 ./Core/Src/AT24C32.o
 .ARM.attributes
                0x0000008a       0x34 ./Core/Src/BC660K-GL.o
 .ARM.attributes
                0x000000be       0x34 ./Core/Src/HT1621B.o
 .ARM.attributes
                0x000000f2       0x34 ./Core/Src/TDC1000.o
 .ARM.attributes
                0x00000126       0x34 ./Core/Src/TDC7200.o
 .ARM.attributes
                0x0000015a       0x34 ./Core/Src/main.o
 .ARM.attributes
                0x0000018e       0x34 ./Core/Src/stm32l4xx_hal_msp.o
 .ARM.attributes
                0x000001c2       0x34 ./Core/Src/stm32l4xx_it.o
 .ARM.attributes
                0x000001f6       0x34 ./Core/Src/system_stm32l4xx.o
 .ARM.attributes
                0x0000022a       0x21 ./Core/Startup/startup_stm32l431rctx.o
 .ARM.attributes
                0x0000024b       0x34 ./Drivers/STM32L4xx_HAL_Driver/Src/stm32l4xx_hal.o
 .ARM.attributes
                0x0000027f       0x34 ./Drivers/STM32L4xx_HAL_Driver/Src/stm32l4xx_hal_adc.o
 .ARM.attributes
                0x000002b3       0x34 ./Drivers/STM32L4xx_HAL_Driver/Src/stm32l4xx_hal_cortex.o
 .ARM.attributes
                0x000002e7       0x34 ./Drivers/STM32L4xx_HAL_Driver/Src/stm32l4xx_hal_dma.o
 .ARM.attributes
                0x0000031b       0x34 ./Drivers/STM32L4xx_HAL_Driver/Src/stm32l4xx_hal_gpio.o
 .ARM.attributes
                0x0000034f       0x34 ./Drivers/STM32L4xx_HAL_Driver/Src/stm32l4xx_hal_i2c.o
 .ARM.attributes
                0x00000383       0x34 ./Drivers/STM32L4xx_HAL_Driver/Src/stm32l4xx_hal_i2c_ex.o
 .ARM.attributes
                0x000003b7       0x34 ./Drivers/STM32L4xx_HAL_Driver/Src/stm32l4xx_hal_pwr.o
 .ARM.attributes
                0x000003eb       0x34 ./Drivers/STM32L4xx_HAL_Driver/Src/stm32l4xx_hal_pwr_ex.o
 .ARM.attributes
                0x0000041f       0x34 ./Drivers/STM32L4xx_HAL_Driver/Src/stm32l4xx_hal_rcc.o
 .ARM.attributes
                0x00000453       0x34 ./Drivers/STM32L4xx_HAL_Driver/Src/stm32l4xx_hal_rcc_ex.o
 .ARM.attributes
                0x00000487       0x34 ./Drivers/STM32L4xx_HAL_Driver/Src/stm32l4xx_hal_rtc.o
 .ARM.attributes
                0x000004bb       0x34 ./Drivers/STM32L4xx_HAL_Driver/Src/stm32l4xx_hal_rtc_ex.o
 .ARM.attributes
                0x000004ef       0x34 ./Drivers/STM32L4xx_HAL_Driver/Src/stm32l4xx_hal_spi.o
 .ARM.attributes
                0x00000523       0x34 ./Drivers/STM32L4xx_HAL_Driver/Src/stm32l4xx_hal_uart.o
 .ARM.attributes
                0x00000557       0x34 ./Drivers/STM32L4xx_HAL_Driver/Src/stm32l4xx_hal_uart_ex.o
 .ARM.attributes
                0x0000058b       0x34 C:/ST/STM32CubeIDE_2.0.0/STM32CubeIDE/plugins/com.st.stm32cube.ide.mcu.externaltools.gnu-tools-for-stm32.14.3.rel1.win32_1.0.100.202602081740/tools/bin/../lib/gcc/arm-none-eabi/14.3.1/../../../../arm-none-eabi/lib/thumb/v7e-m+fp/hard\libc_nano.a(libc_a-memset.o)
 .ARM.attributes
                0x000005bf       0x34 C:/ST/STM32CubeIDE_2.0.0/STM32CubeIDE/plugins/com.st.stm32cube.ide.mcu.externaltools.gnu-tools-for-stm32.14.3.rel1.win32_1.0.100.202602081740/tools/bin/../lib/gcc/arm-none-eabi/14.3.1/../../../../arm-none-eabi/lib/thumb/v7e-m+fp/hard\libc_nano.a(libc_a-init.o)
 .ARM.attributes
                0x000005f3       0x22 C:/ST/STM32CubeIDE_2.0.0/STM32CubeIDE/plugins/com.st.stm32cube.ide.mcu.externaltools.gnu-tools-for-stm32.14.3.rel1.win32_1.0.100.202602081740/tools/bin/../lib/gcc/arm-none-eabi/14.3.1/thumb/v7e-m+fp/hard\libgcc.a(_aeabi_uldivmod.o)
 .ARM.attributes
                0x00000615       0x34 C:/ST/STM32CubeIDE_2.0.0/STM32CubeIDE/plugins/com.st.stm32cube.ide.mcu.externaltools.gnu-tools-for-stm32.14.3.rel1.win32_1.0.100.202602081740/tools/bin/../lib/gcc/arm-none-eabi/14.3.1/thumb/v7e-m+fp/hard\libgcc.a(_udivmoddi4.o)
 .ARM.attributes
                0x00000649       0x22 C:/ST/STM32CubeIDE_2.0.0/STM32CubeIDE/plugins/com.st.stm32cube.ide.mcu.externaltools.gnu-tools-for-stm32.14.3.rel1.win32_1.0.100.202602081740/tools/bin/../lib/gcc/arm-none-eabi/14.3.1/thumb/v7e-m+fp/hard\libgcc.a(_dvmd_tls.o)
 .ARM.attributes
                0x0000066b       0x22 C:/ST/STM32CubeIDE_2.0.0/STM32CubeIDE/plugins/com.st.stm32cube.ide.mcu.externaltools.gnu-tools-for-stm32.14.3.rel1.win32_1.0.100.202602081740/tools/bin/../lib/gcc/arm-none-eabi/14.3.1/thumb/v7e-m+fp/hard/crtn.o
OUTPUT(USWM.elf elf32-littlearm)
LOAD linker stubs
LOAD C:/ST/STM32CubeIDE_2.0.0/STM32CubeIDE/plugins/com.st.stm32cube.ide.mcu.externaltools.gnu-tools-for-stm32.14.3.rel1.win32_1.0.100.202602081740/tools/bin/../lib/gcc/arm-none-eabi/14.3.1/../../../../arm-none-eabi/lib/thumb/v7e-m+fp/hard\libc.a
LOAD C:/ST/STM32CubeIDE_2.0.0/STM32CubeIDE/plugins/com.st.stm32cube.ide.mcu.externaltools.gnu-tools-for-stm32.14.3.rel1.win32_1.0.100.202602081740/tools/bin/../lib/gcc/arm-none-eabi/14.3.1/../../../../arm-none-eabi/lib/thumb/v7e-m+fp/hard\libm.a
LOAD C:/ST/STM32CubeIDE_2.0.0/STM32CubeIDE/plugins/com.st.stm32cube.ide.mcu.externaltools.gnu-tools-for-stm32.14.3.rel1.win32_1.0.100.202602081740/tools/bin/../lib/gcc/arm-none-eabi/14.3.1/thumb/v7e-m+fp/hard\libgcc.a

.debug_info     0x00000000    0x192eb
 .debug_info    0x00000000      0x7ee ./Core/Src/AT24C32.o
 .debug_info    0x000007ee      0x7cc ./Core/Src/BC660K-GL.o
 .debug_info    0x00000fba      0x4e5 ./Core/Src/HT1621B.o
 .debug_info    0x0000149f      0xa5b ./Core/Src/TDC1000.o
 .debug_info    0x00001efa      0xa91 ./Core/Src/TDC7200.o
 .debug_info    0x0000298b     0x252e ./Core/Src/main.o
 .debug_info    0x00004eb9     0x1e27 ./Core/Src/stm32l4xx_hal_msp.o
 .debug_info    0x00006ce0      0x74e ./Core/Src/stm32l4xx_it.o
 .debug_info    0x0000742e      0x5f0 ./Core/Src/system_stm32l4xx.o
 .debug_info    0x00007a1e       0x30 ./Core/Startup/startup_stm32l431rctx.o
 .debug_info    0x00007a4e      0xad5 ./Drivers/STM32L4xx_HAL_Driver/Src/stm32l4xx_hal.o
 .debug_info    0x00008523     0x1cf0 ./Drivers/STM32L4xx_HAL_Driver/Src/stm32l4xx_hal_adc.o
 .debug_info    0x0000a213      0xd47 ./Drivers/STM32L4xx_HAL_Driver/Src/stm32l4xx_hal_cortex.o
 .debug_info    0x0000af5a      0x71a ./Drivers/STM32L4xx_HAL_Driver/Src/stm32l4xx_hal_dma.o
 .debug_info    0x0000b674      0x79f ./Drivers/STM32L4xx_HAL_Driver/Src/stm32l4xx_hal_gpio.o
 .debug_info    0x0000be13     0x20fc ./Drivers/STM32L4xx_HAL_Driver/Src/stm32l4xx_hal_i2c.o
 .debug_info    0x0000df0f      0x9ab ./Drivers/STM32L4xx_HAL_Driver/Src/stm32l4xx_hal_i2c_ex.o
 .debug_info    0x0000e8ba      0x958 ./Drivers/STM32L4xx_HAL_Driver/Src/stm32l4xx_hal_pwr.o
 .debug_info    0x0000f212      0x8f2 ./Drivers/STM32L4xx_HAL_Driver/Src/stm32l4xx_hal_pwr_ex.o
 .debug_info    0x0000fb04      0xbf4 ./Drivers/STM32L4xx_HAL_Driver/Src/stm32l4xx_hal_rcc.o
 .debug_info    0x000106f8      0xf46 ./Drivers/STM32L4xx_HAL_Driver/Src/stm32l4xx_hal_rcc_ex.o
 .debug_info    0x0001163e      0xda9 ./Drivers/STM32L4xx_HAL_Driver/Src/stm32l4xx_hal_rtc.o
 .debug_info    0x000123e7     0x1009 ./Drivers/STM32L4xx_HAL_Driver/Src/stm32l4xx_hal_rtc_ex.o
 .debug_info    0x000133f0     0x1572 ./Drivers/STM32L4xx_HAL_Driver/Src/stm32l4xx_hal_spi.o
 .debug_info    0x00014962     0x3b9c ./Drivers/STM32L4xx_HAL_Driver/Src/stm32l4xx_hal_uart.o
 .debug_info    0x000184fe      0xded ./Drivers/STM32L4xx_HAL_Driver/Src/stm32l4xx_hal_uart_ex.o

.debug_abbrev   0x00000000     0x36f2
 .debug_abbrev  0x00000000      0x1d5 ./Core/Src/AT24C32.o
 .debug_abbrev  0x000001d5      0x162 ./Core/Src/BC660K-GL.o
 .debug_abbrev  0x00000337      0x1b4 ./Core/Src/HT1621B.o
 .debug_abbrev  0x000004eb      0x1d1 ./Core/Src/TDC1000.o
 .debug_abbrev  0x000006bc      0x1e6 ./Core/Src/TDC7200.o
 .debug_abbrev  0x000008a2      0x2fd ./Core/Src/main.o
 .debug_abbrev  0x00000b9f      0x23d ./Core/Src/stm32l4xx_hal_msp.o
 .debug_abbrev  0x00000ddc      0x195 ./Core/Src/stm32l4xx_it.o
 .debug_abbrev  0x00000f71      0x117 ./Core/Src/system_stm32l4xx.o
 .debug_abbrev  0x00001088       0x24 ./Core/Startup/startup_stm32l431rctx.o
 .debug_abbrev  0x000010ac      0x243 ./Drivers/STM32L4xx_HAL_Driver/Src/stm32l4xx_hal.o
 .debug_abbrev  0x000012ef      0x2e8 ./Drivers/STM32L4xx_HAL_Driver/Src/stm32l4xx_hal_adc.o
 .debug_abbrev  0x000015d7      0x31c ./Drivers/STM32L4xx_HAL_Driver/Src/stm32l4xx_hal_cortex.o
 .debug_abbrev  0x000018f3      0x1fd ./Drivers/STM32L4xx_HAL_Driver/Src/stm32l4xx_hal_dma.o
 .debug_abbrev  0x00001af0      0x1d1 ./Drivers/STM32L4xx_HAL_Driver/Src/stm32l4xx_hal_gpio.o
 .debug_abbrev  0x00001cc1      0x285 ./Drivers/STM32L4xx_HAL_Driver/Src/stm32l4xx_hal_i2c.o
 .debug_abbrev  0x00001f46      0x1cb ./Drivers/STM32L4xx_HAL_Driver/Src/stm32l4xx_hal_i2c_ex.o
 .debug_abbrev  0x00002111      0x1e5 ./Drivers/STM32L4xx_HAL_Driver/Src/stm32l4xx_hal_pwr.o
 .debug_abbrev  0x000022f6      0x1f9 ./Drivers/STM32L4xx_HAL_Driver/Src/stm32l4xx_hal_pwr_ex.o
 .debug_abbrev  0x000024ef      0x2dc ./Drivers/STM32L4xx_HAL_Driver/Src/stm32l4xx_hal_rcc.o
 .debug_abbrev  0x000027cb      0x2a0 ./Drivers/STM32L4xx_HAL_Driver/Src/stm32l4xx_hal_rcc_ex.o
 .debug_abbrev  0x00002a6b      0x21a ./Drivers/STM32L4xx_HAL_Driver/Src/stm32l4xx_hal_rtc.o
 .debug_abbrev  0x00002c85      0x228 ./Drivers/STM32L4xx_HAL_Driver/Src/stm32l4xx_hal_rtc_ex.o
 .debug_abbrev  0x00002ead      0x282 ./Drivers/STM32L4xx_HAL_Driver/Src/stm32l4xx_hal_spi.o
 .debug_abbrev  0x0000312f      0x2f3 ./Drivers/STM32L4xx_HAL_Driver/Src/stm32l4xx_hal_uart.o
 .debug_abbrev  0x00003422      0x2d0 ./Drivers/STM32L4xx_HAL_Driver/Src/stm32l4xx_hal_uart_ex.o

.debug_aranges  0x00000000     0x14d0
 .debug_aranges
                0x00000000       0x30 ./Core/Src/AT24C32.o
 .debug_aranges
                0x00000030       0x20 ./Core/Src/BC660K-GL.o
 .debug_aranges
                0x00000050       0x50 ./Core/Src/HT1621B.o
 .debug_aranges
                0x000000a0       0x50 ./Core/Src/TDC1000.o
 .debug_aranges
                0x000000f0       0x48 ./Core/Src/TDC7200.o
 .debug_aranges
                0x00000138       0x78 ./Core/Src/main.o
 .debug_aranges
                0x000001b0       0x70 ./Core/Src/stm32l4xx_hal_msp.o
 .debug_aranges
                0x00000220       0x78 ./Core/Src/stm32l4xx_it.o
 .debug_aranges
                0x00000298       0x28 ./Core/Src/system_stm32l4xx.o
 .debug_aranges
                0x000002c0       0x28 ./Core/Startup/startup_stm32l431rctx.o
 .debug_aranges
                0x000002e8      0x130 ./Drivers/STM32L4xx_HAL_Driver/Src/stm32l4xx_hal.o
 .debug_aranges
                0x00000418      0x210 ./Drivers/STM32L4xx_HAL_Driver/Src/stm32l4xx_hal_adc.o
 .debug_aranges
                0x00000628      0x128 ./Drivers/STM32L4xx_HAL_Driver/Src/stm32l4xx_hal_cortex.o
 .debug_aranges
                0x00000750       0x80 ./Drivers/STM32L4xx_HAL_Driver/Src/stm32l4xx_hal_dma.o
 .debug_aranges
                0x000007d0       0x58 ./Drivers/STM32L4xx_HAL_Driver/Src/stm32l4xx_hal_gpio.o
 .debug_aranges
                0x00000828      0x2a0 ./Drivers/STM32L4xx_HAL_Driver/Src/stm32l4xx_hal_i2c.o
 .debug_aranges
                0x00000ac8       0x48 ./Drivers/STM32L4xx_HAL_Driver/Src/stm32l4xx_hal_i2c_ex.o
 .debug_aranges
                0x00000b10       0x98 ./Drivers/STM32L4xx_HAL_Driver/Src/stm32l4xx_hal_pwr.o
 .debug_aranges
                0x00000ba8      0x100 ./Drivers/STM32L4xx_HAL_Driver/Src/stm32l4xx_hal_pwr_ex.o
 .debug_aranges
                0x00000ca8       0x90 ./Drivers/STM32L4xx_HAL_Driver/Src/stm32l4xx_hal_rcc.o
 .debug_aranges
                0x00000d38       0xf0 ./Drivers/STM32L4xx_HAL_Driver/Src/stm32l4xx_hal_rcc_ex.o
 .debug_aranges
                0x00000e28       0xe8 ./Drivers/STM32L4xx_HAL_Driver/Src/stm32l4xx_hal_rtc.o
 .debug_aranges
                0x00000f10      0x140 ./Drivers/STM32L4xx_HAL_Driver/Src/stm32l4xx_hal_rtc_ex.o
 .debug_aranges
                0x00001050      0x1d8 ./Drivers/STM32L4xx_HAL_Driver/Src/stm32l4xx_hal_spi.o
 .debug_aranges
                0x00001228      0x228 ./Drivers/STM32L4xx_HAL_Driver/Src/stm32l4xx_hal_uart.o
 .debug_aranges
                0x00001450       0x80 ./Drivers/STM32L4xx_HAL_Driver/Src/stm32l4xx_hal_uart_ex.o

.debug_rnglists
                0x00000000     0x1013
 .debug_rnglists
                0x00000000       0x20 ./Core/Src/AT24C32.o
 .debug_rnglists
                0x00000020       0x13 ./Core/Src/BC660K-GL.o
 .debug_rnglists
                0x00000033       0x38 ./Core/Src/HT1621B.o
 .debug_rnglists
                0x0000006b       0x38 ./Core/Src/TDC1000.o
 .debug_rnglists
                0x000000a3       0x33 ./Core/Src/TDC7200.o
 .debug_rnglists
                0x000000d6       0x5a ./Core/Src/main.o
 .debug_rnglists
                0x00000130       0x53 ./Core/Src/stm32l4xx_hal_msp.o
 .debug_rnglists
                0x00000183       0x55 ./Core/Src/stm32l4xx_it.o
 .debug_rnglists
                0x000001d8       0x1a ./Core/Src/system_stm32l4xx.o
 .debug_rnglists
                0x000001f2       0x19 ./Core/Startup/startup_stm32l431rctx.o
 .debug_rnglists
                0x0000020b       0xdf ./Drivers/STM32L4xx_HAL_Driver/Src/stm32l4xx_hal.o
 .debug_rnglists
                0x000002ea      0x196 ./Drivers/STM32L4xx_HAL_Driver/Src/stm32l4xx_hal_adc.o
 .debug_rnglists
                0x00000480       0xda ./Drivers/STM32L4xx_HAL_Driver/Src/stm32l4xx_hal_cortex.o
 .debug_rnglists
                0x0000055a       0x65 ./Drivers/STM32L4xx_HAL_Driver/Src/stm32l4xx_hal_dma.o
 .debug_rnglists
                0x000005bf       0x3f ./Drivers/STM32L4xx_HAL_Driver/Src/stm32l4xx_hal_gpio.o
 .debug_rnglists
                0x000005fe      0x228 ./Drivers/STM32L4xx_HAL_Driver/Src/stm32l4xx_hal_i2c.o
 .debug_rnglists
                0x00000826       0x35 ./Drivers/STM32L4xx_HAL_Driver/Src/stm32l4xx_hal_i2c_ex.o
 .debug_rnglists
                0x0000085b       0x6e ./Drivers/STM32L4xx_HAL_Driver/Src/stm32l4xx_hal_pwr.o
 .debug_rnglists
                0x000008c9       0xc1 ./Drivers/STM32L4xx_HAL_Driver/Src/stm32l4xx_hal_pwr_ex.o
 .debug_rnglists
                0x0000098a       0x6d ./Drivers/STM32L4xx_HAL_Driver/Src/stm32l4xx_hal_rcc.o
 .debug_rnglists
                0x000009f7       0xba ./Drivers/STM32L4xx_HAL_Driver/Src/stm32l4xx_hal_rcc_ex.o
 .debug_rnglists
                0x00000ab1       0xb4 ./Drivers/STM32L4xx_HAL_Driver/Src/stm32l4xx_hal_rtc.o
 .debug_rnglists
                0x00000b65       0xfc ./Drivers/STM32L4xx_HAL_Driver/Src/stm32l4xx_hal_rtc_ex.o
 .debug_rnglists
                0x00000c61      0x178 ./Drivers/STM32L4xx_HAL_Driver/Src/stm32l4xx_hal_spi.o
 .debug_rnglists
                0x00000dd9      0x1da ./Drivers/STM32L4xx_HAL_Driver/Src/stm32l4xx_hal_uart.o
 .debug_rnglists
                0x00000fb3       0x60 ./Drivers/STM32L4xx_HAL_Driver/Src/stm32l4xx_hal_uart_ex.o

.debug_macro    0x00000000    0x2478a
 .debug_macro   0x00000000      0x22f ./Core/Src/AT24C32.o
 .debug_macro   0x0000022f      0xad8 ./Core/Src/AT24C32.o
 .debug_macro   0x00000d07      0x1b9 ./Core/Src/AT24C32.o
 .debug_macro   0x00000ec0       0x2e ./Core/Src/AT24C32.o
 .debug_macro   0x00000eee       0x28 ./Core/Src/AT24C32.o
 .debug_macro   0x00000f16       0x22 ./Core/Src/AT24C32.o
 .debug_macro   0x00000f38       0x8e ./Core/Src/AT24C32.o
 .debug_macro   0x00000fc6       0x51 ./Core/Src/AT24C32.o
 .debug_macro   0x00001017      0x103 ./Core/Src/AT24C32.o
 .debug_macro   0x0000111a       0x6a ./Core/Src/AT24C32.o
 .debug_macro   0x00001184      0x1df ./Core/Src/AT24C32.o
 .debug_macro   0x00001363       0x1c ./Core/Src/AT24C32.o
 .debug_macro   0x0000137f       0x22 ./Core/Src/AT24C32.o
 .debug_macro   0x000013a1       0xfb ./Core/Src/AT24C32.o
 .debug_macro   0x0000149c     0x1011 ./Core/Src/AT24C32.o
 .debug_macro   0x000024ad      0x11f ./Core/Src/AT24C32.o
 .debug_macro   0x000025cc    0x1511c ./Core/Src/AT24C32.o
 .debug_macro   0x000176e8       0x6d ./Core/Src/AT24C32.o
 .debug_macro   0x00017755     0x38fb ./Core/Src/AT24C32.o
 .debug_macro   0x0001b050      0x190 ./Core/Src/AT24C32.o
 .debug_macro   0x0001b1e0       0x5c ./Core/Src/AT24C32.o
 .debug_macro   0x0001b23c     0x1328 ./Core/Src/AT24C32.o
 .debug_macro   0x0001c564      0x5a5 ./Core/Src/AT24C32.o
 .debug_macro   0x0001cb09      0x1b9 ./Core/Src/AT24C32.o
 .debug_macro   0x0001ccc2      0x11b ./Core/Src/AT24C32.o
 .debug_macro   0x0001cddd      0x2c4 ./Core/Src/AT24C32.o
 .debug_macro   0x0001d0a1      0x27a ./Core/Src/AT24C32.o
 .debug_macro   0x0001d31b      0x23d ./Core/Src/AT24C32.o
 .debug_macro   0x0001d558      0xde5 ./Core/Src/AT24C32.o
 .debug_macro   0x0001e33d      0x61d ./Core/Src/AT24C32.o
 .debug_macro   0x0001e95a      0x241 ./Core/Src/AT24C32.o
 .debug_macro   0x0001eb9b      0x241 ./Core/Src/AT24C32.o
 .debug_macro   0x0001eddc      0x375 ./Core/Src/AT24C32.o
 .debug_macro   0x0001f151       0xd6 ./Core/Src/AT24C32.o
 .debug_macro   0x0001f227      0x22c ./Core/Src/AT24C32.o
 .debug_macro   0x0001f453       0x61 ./Core/Src/AT24C32.o
 .debug_macro   0x0001f4b4       0xa5 ./Core/Src/AT24C32.o
 .debug_macro   0x0001f559      0x122 ./Core/Src/AT24C32.o
 .debug_macro   0x0001f67b      0x2ee ./Core/Src/AT24C32.o
 .debug_macro   0x0001f969      0x321 ./Core/Src/AT24C32.o
 .debug_macro   0x0001fc8a      0x4fb ./Core/Src/AT24C32.o
 .debug_macro   0x00020185       0xeb ./Core/Src/AT24C32.o
 .debug_macro   0x00020270      0x2fe ./Core/Src/AT24C32.o
 .debug_macro   0x0002056e      0x5cf ./Core/Src/AT24C32.o
 .debug_macro   0x00020b3d       0x44 ./Core/Src/AT24C32.o
 .debug_macro   0x00020b81      0x26d ./Core/Src/AT24C32.o
 .debug_macro   0x00020dee      0x22f ./Core/Src/BC660K-GL.o
 .debug_macro   0x0002101d      0x234 ./Core/Src/HT1621B.o
 .debug_macro   0x00021251       0xb2 ./Core/Src/HT1621B.o
 .debug_macro   0x00021303      0x24c ./Core/Src/TDC1000.o
 .debug_macro   0x0002154f       0x40 ./Core/Src/TDC1000.o
 .debug_macro   0x0002158f      0x24c ./Core/Src/TDC7200.o
 .debug_macro   0x000217db       0x8e ./Core/Src/TDC7200.o
 .debug_macro   0x00021869      0x276 ./Core/Src/main.o
 .debug_macro   0x00021adf       0xc4 ./Core/Src/main.o
 .debug_macro   0x00021ba3       0x46 ./Core/Src/main.o
 .debug_macro   0x00021be9       0x94 ./Core/Src/main.o
 .debug_macro   0x00021c7d      0x234 ./Core/Src/stm32l4xx_hal_msp.o
 .debug_macro   0x00021eb1      0x23e ./Core/Src/stm32l4xx_it.o
 .debug_macro   0x000220ef      0x225 ./Core/Src/system_stm32l4xx.o
 .debug_macro   0x00022314      0x273 ./Drivers/STM32L4xx_HAL_Driver/Src/stm32l4xx_hal.o
 .debug_macro   0x00022587      0x242 ./Drivers/STM32L4xx_HAL_Driver/Src/stm32l4xx_hal_adc.o
 .debug_macro   0x000227c9      0x225 ./Drivers/STM32L4xx_HAL_Driver/Src/stm32l4xx_hal_cortex.o
 .debug_macro   0x000229ee      0x225 ./Drivers/STM32L4xx_HAL_Driver/Src/stm32l4xx_hal_dma.o
 .debug_macro   0x00022c13      0x22c ./Drivers/STM32L4xx_HAL_Driver/Src/stm32l4xx_hal_gpio.o
 .debug_macro   0x00022e3f      0x2f1 ./Drivers/STM32L4xx_HAL_Driver/Src/stm32l4xx_hal_i2c.o
 .debug_macro   0x00023130      0x225 ./Drivers/STM32L4xx_HAL_Driver/Src/stm32l4xx_hal_i2c_ex.o
 .debug_macro   0x00023355      0x23d ./Drivers/STM32L4xx_HAL_Driver/Src/stm32l4xx_hal_pwr.o
 .debug_macro   0x00023592      0x249 ./Drivers/STM32L4xx_HAL_Driver/Src/stm32l4xx_hal_pwr_ex.o
 .debug_macro   0x000237db      0x267 ./Drivers/STM32L4xx_HAL_Driver/Src/stm32l4xx_hal_rcc.o
 .debug_macro   0x00023a42      0x25b ./Drivers/STM32L4xx_HAL_Driver/Src/stm32l4xx_hal_rcc_ex.o
 .debug_macro   0x00023c9d      0x226 ./Drivers/STM32L4xx_HAL_Driver/Src/stm32l4xx_hal_rtc.o
 .debug_macro   0x00023ec3      0x225 ./Drivers/STM32L4xx_HAL_Driver/Src/stm32l4xx_hal_rtc_ex.o
 .debug_macro   0x000240e8      0x22d ./Drivers/STM32L4xx_HAL_Driver/Src/stm32l4xx_hal_spi.o
 .debug_macro   0x00024315      0x250 ./Drivers/STM32L4xx_HAL_Driver/Src/stm32l4xx_hal_uart.o
 .debug_macro   0x00024565      0x225 ./Drivers/STM32L4xx_HAL_Driver/Src/stm32l4xx_hal_uart_ex.o

.debug_line     0x00000000    0x1a5a5
 .debug_line    0x00000000      0x877 ./Core/Src/AT24C32.o
 .debug_line    0x00000877      0x812 ./Core/Src/BC660K-GL.o
 .debug_line    0x00001089      0x907 ./Core/Src/HT1621B.o
 .debug_line    0x00001990      0x923 ./Core/Src/TDC1000.o
 .debug_line    0x000022b3      0xa3f ./Core/Src/TDC7200.o
 .debug_line    0x00002cf2      0xb5c ./Core/Src/main.o
 .debug_line    0x0000384e      0xa22 ./Core/Src/stm32l4xx_hal_msp.o
 .debug_line    0x00004270      0x901 ./Core/Src/stm32l4xx_it.o
 .debug_line    0x00004b71      0x8a8 ./Core/Src/system_stm32l4xx.o
 .debug_line    0x00005419       0x7a ./Core/Startup/startup_stm32l431rctx.o
 .debug_line    0x00005493      0xc13 ./Drivers/STM32L4xx_HAL_Driver/Src/stm32l4xx_hal.o
 .debug_line    0x000060a6     0x1d8c ./Drivers/STM32L4xx_HAL_Driver/Src/stm32l4xx_hal_adc.o
 .debug_line    0x00007e32      0xdab ./Drivers/STM32L4xx_HAL_Driver/Src/stm32l4xx_hal_cortex.o
 .debug_line    0x00008bdd      0xdc5 ./Drivers/STM32L4xx_HAL_Driver/Src/stm32l4xx_hal_dma.o
 .debug_line    0x000099a2      0xc10 ./Drivers/STM32L4xx_HAL_Driver/Src/stm32l4xx_hal_gpio.o
 .debug_line    0x0000a5b2     0x382f ./Drivers/STM32L4xx_HAL_Driver/Src/stm32l4xx_hal_i2c.o
 .debug_line    0x0000dde1      0x970 ./Drivers/STM32L4xx_HAL_Driver/Src/stm32l4xx_hal_i2c_ex.o
 .debug_line    0x0000e751      0x9db ./Drivers/STM32L4xx_HAL_Driver/Src/stm32l4xx_hal_pwr.o
 .debug_line    0x0000f12c      0xc5f ./Drivers/STM32L4xx_HAL_Driver/Src/stm32l4xx_hal_pwr_ex.o
 .debug_line    0x0000fd8b     0x11b3 ./Drivers/STM32L4xx_HAL_Driver/Src/stm32l4xx_hal_rcc.o
 .debug_line    0x00010f3e     0x14c0 ./Drivers/STM32L4xx_HAL_Driver/Src/stm32l4xx_hal_rcc_ex.o
 .debug_line    0x000123fe     0x1283 ./Drivers/STM32L4xx_HAL_Driver/Src/stm32l4xx_hal_rtc.o
 .debug_line    0x00013681     0x139c ./Drivers/STM32L4xx_HAL_Driver/Src/stm32l4xx_hal_rtc_ex.o
 .debug_line    0x00014a1d     0x20f0 ./Drivers/STM32L4xx_HAL_Driver/Src/stm32l4xx_hal_spi.o
 .debug_line    0x00016b0d     0x2df1 ./Drivers/STM32L4xx_HAL_Driver/Src/stm32l4xx_hal_uart.o
 .debug_line    0x000198fe      0xca7 ./Drivers/STM32L4xx_HAL_Driver/Src/stm32l4xx_hal_uart_ex.o

.debug_str      0x00000000    0xde744
 .debug_str     0x00000000    0xde744 ./Core/Src/AT24C32.o
                              0xd7e22 (size before relaxing)
 .debug_str     0x000de744    0xd7d39 ./Core/Src/BC660K-GL.o
 .debug_str     0x000de744    0xd7c1a ./Core/Src/HT1621B.o
 .debug_str     0x000de744    0xd7fcd ./Core/Src/TDC1000.o
 .debug_str     0x000de744    0xd8064 ./Core/Src/TDC7200.o
 .debug_str     0x000de744    0xd99dd ./Core/Src/main.o
 .debug_str     0x000de744    0xd9169 ./Core/Src/stm32l4xx_hal_msp.o
 .debug_str     0x000de744    0xd80c3 ./Core/Src/stm32l4xx_it.o
 .debug_str     0x000de744    0xd7ac0 ./Core/Src/system_stm32l4xx.o
 .debug_str     0x000de744       0x5d ./Core/Startup/startup_stm32l431rctx.o
 .debug_str     0x000de744    0xd8585 ./Drivers/STM32L4xx_HAL_Driver/Src/stm32l4xx_hal.o
 .debug_str     0x000de744    0xd88a3 ./Drivers/STM32L4xx_HAL_Driver/Src/stm32l4xx_hal_adc.o
 .debug_str     0x000de744    0xd8253 ./Drivers/STM32L4xx_HAL_Driver/Src/stm32l4xx_hal_cortex.o
 .debug_str     0x000de744    0xd7d39 ./Drivers/STM32L4xx_HAL_Driver/Src/stm32l4xx_hal_dma.o
 .debug_str     0x000de744    0xd7c46 ./Drivers/STM32L4xx_HAL_Driver/Src/stm32l4xx_hal_gpio.o
 .debug_str     0x000de744    0xd8cbe ./Drivers/STM32L4xx_HAL_Driver/Src/stm32l4xx_hal_i2c.o
 .debug_str     0x000de744    0xd7fcd ./Drivers/STM32L4xx_HAL_Driver/Src/stm32l4xx_hal_i2c_ex.o
 .debug_str     0x000de744    0xd7e0a ./Drivers/STM32L4xx_HAL_Driver/Src/stm32l4xx_hal_pwr.o
 .debug_str     0x000de744    0xd7ef7 ./Drivers/STM32L4xx_HAL_Driver/Src/stm32l4xx_hal_pwr_ex.o
 .debug_str     0x000de744    0xd80c0 ./Drivers/STM32L4xx_HAL_Driver/Src/stm32l4xx_hal_rcc.o
 .debug_str     0x000de744    0xd835d ./Drivers/STM32L4xx_HAL_Driver/Src/stm32l4xx_hal_rcc_ex.o
 .debug_str     0x000de744    0xd7f48 ./Drivers/STM32L4xx_HAL_Driver/Src/stm32l4xx_hal_rtc.o
 .debug_str     0x000de744    0xd8263 ./Drivers/STM32L4xx_HAL_Driver/Src/stm32l4xx_hal_rtc_ex.o
 .debug_str     0x000de744    0xd82d8 ./Drivers/STM32L4xx_HAL_Driver/Src/stm32l4xx_hal_spi.o
 .debug_str     0x000de744    0xd8818 ./Drivers/STM32L4xx_HAL_Driver/Src/stm32l4xx_hal_uart.o
 .debug_str     0x000de744    0xd8019 ./Drivers/STM32L4xx_HAL_Driver/Src/stm32l4xx_hal_uart_ex.o

.comment        0x00000000       0x43
 .comment       0x00000000       0x43 ./Core/Src/AT24C32.o
                                 0x44 (size before relaxing)
 .comment       0x00000043       0x44 ./Core/Src/BC660K-GL.o
 .comment       0x00000043       0x44 ./Core/Src/HT1621B.o
 .comment       0x00000043       0x44 ./Core/Src/TDC1000.o
 .comment       0x00000043       0x44 ./Core/Src/TDC7200.o
 .comment       0x00000043       0x44 ./Core/Src/main.o
 .comment       0x00000043       0x44 ./Core/Src/stm32l4xx_hal_msp.o
 .comment       0x00000043       0x44 ./Core/Src/stm32l4xx_it.o
 .comment       0x00000043       0x44 ./Core/Src/system_stm32l4xx.o
 .comment       0x00000043       0x44 ./Drivers/STM32L4xx_HAL_Driver/Src/stm32l4xx_hal.o
 .comment       0x00000043       0x44 ./Drivers/STM32L4xx_HAL_Driver/Src/stm32l4xx_hal_adc.o
 .comment       0x00000043       0x44 ./Drivers/STM32L4xx_HAL_Driver/Src/stm32l4xx_hal_cortex.o
 .comment       0x00000043       0x44 ./Drivers/STM32L4xx_HAL_Driver/Src/stm32l4xx_hal_dma.o
 .comment       0x00000043       0x44 ./Drivers/STM32L4xx_HAL_Driver/Src/stm32l4xx_hal_gpio.o
 .comment       0x00000043       0x44 ./Drivers/STM32L4xx_HAL_Driver/Src/stm32l4xx_hal_i2c.o
 .comment       0x00000043       0x44 ./Drivers/STM32L4xx_HAL_Driver/Src/stm32l4xx_hal_i2c_ex.o
 .comment       0x00000043       0x44 ./Drivers/STM32L4xx_HAL_Driver/Src/stm32l4xx_hal_pwr.o
 .comment       0x00000043       0x44 ./Drivers/STM32L4xx_HAL_Driver/Src/stm32l4xx_hal_pwr_ex.o
 .comment       0x00000043       0x44 ./Drivers/STM32L4xx_HAL_Driver/Src/stm32l4xx_hal_rcc.o
 .comment       0x00000043       0x44 ./Drivers/STM32L4xx_HAL_Driver/Src/stm32l4xx_hal_rcc_ex.o
 .comment       0x00000043       0x44 ./Drivers/STM32L4xx_HAL_Driver/Src/stm32l4xx_hal_rtc.o
 .comment       0x00000043       0x44 ./Drivers/STM32L4xx_HAL_Driver/Src/stm32l4xx_hal_rtc_ex.o
 .comment       0x00000043       0x44 ./Drivers/STM32L4xx_HAL_Driver/Src/stm32l4xx_hal_spi.o
 .comment       0x00000043       0x44 ./Drivers/STM32L4xx_HAL_Driver/Src/stm32l4xx_hal_uart.o
 .comment       0x00000043       0x44 ./Drivers/STM32L4xx_HAL_Driver/Src/stm32l4xx_hal_uart_ex.o

.debug_frame    0x00000000     0x528c
 .debug_frame   0x00000000       0x80 ./Core/Src/AT24C32.o
 .debug_frame   0x00000080       0x34 ./Core/Src/BC660K-GL.o
 .debug_frame   0x000000b4      0x10c ./Core/Src/HT1621B.o
 .debug_frame   0x000001c0      0x10c ./Core/Src/TDC1000.o
 .debug_frame   0x000002cc       0xf0 ./Core/Src/TDC7200.o
 .debug_frame   0x000003bc      0x188 ./Core/Src/main.o
 .debug_frame   0x00000544      0x1a8 ./Core/Src/stm32l4xx_hal_msp.o
 .debug_frame   0x000006ec      0x14c ./Core/Src/stm32l4xx_it.o
 .debug_frame   0x00000838       0x50 ./Core/Src/system_stm32l4xx.o
 .debug_frame   0x00000888      0x424 ./Drivers/STM32L4xx_HAL_Driver/Src/stm32l4xx_hal.o
 .debug_frame   0x00000cac      0x900 ./Drivers/STM32L4xx_HAL_Driver/Src/stm32l4xx_hal_adc.o
 .debug_frame   0x000015ac      0x49c ./Drivers/STM32L4xx_HAL_Driver/Src/stm32l4xx_hal_cortex.o
 .debug_frame   0x00001a48      0x1e4 ./Drivers/STM32L4xx_HAL_Driver/Src/stm32l4xx_hal_dma.o
 .debug_frame   0x00001c2c      0x130 ./Drivers/STM32L4xx_HAL_Driver/Src/stm32l4xx_hal_gpio.o
 .debug_frame   0x00001d5c      0xbe8 ./Drivers/STM32L4xx_HAL_Driver/Src/stm32l4xx_hal_i2c.o
 .debug_frame   0x00002944       0xe8 ./Drivers/STM32L4xx_HAL_Driver/Src/stm32l4xx_hal_i2c_ex.o
 .debug_frame   0x00002a2c      0x1f8 ./Drivers/STM32L4xx_HAL_Driver/Src/stm32l4xx_hal_pwr.o
 .debug_frame   0x00002c24      0x39c ./Drivers/STM32L4xx_HAL_Driver/Src/stm32l4xx_hal_pwr_ex.o
 .debug_frame   0x00002fc0      0x200 ./Drivers/STM32L4xx_HAL_Driver/Src/stm32l4xx_hal_rcc.o
 .debug_frame   0x000031c0      0x38c ./Drivers/STM32L4xx_HAL_Driver/Src/stm32l4xx_hal_rcc_ex.o
 .debug_frame   0x0000354c      0x3c8 ./Drivers/STM32L4xx_HAL_Driver/Src/stm32l4xx_hal_rtc.o
 .debug_frame   0x00003914      0x544 ./Drivers/STM32L4xx_HAL_Driver/Src/stm32l4xx_hal_rtc_ex.o
 .debug_frame   0x00003e58      0x820 ./Drivers/STM32L4xx_HAL_Driver/Src/stm32l4xx_hal_spi.o
 .debug_frame   0x00004678      0x980 ./Drivers/STM32L4xx_HAL_Driver/Src/stm32l4xx_hal_uart.o
 .debug_frame   0x00004ff8      0x1e8 ./Drivers/STM32L4xx_HAL_Driver/Src/stm32l4xx_hal_uart_ex.o
 .debug_frame   0x000051e0       0x20 C:/ST/STM32CubeIDE_2.0.0/STM32CubeIDE/plugins/com.st.stm32cube.ide.mcu.externaltools.gnu-tools-for-stm32.14.3.rel1.win32_1.0.100.202602081740/tools/bin/../lib/gcc/arm-none-eabi/14.3.1/../../../../arm-none-eabi/lib/thumb/v7e-m+fp/hard\libc_nano.a(libc_a-memset.o)
 .debug_frame   0x00005200       0x2c C:/ST/STM32CubeIDE_2.0.0/STM32CubeIDE/plugins/com.st.stm32cube.ide.mcu.externaltools.gnu-tools-for-stm32.14.3.rel1.win32_1.0.100.202602081740/tools/bin/../lib/gcc/arm-none-eabi/14.3.1/../../../../arm-none-eabi/lib/thumb/v7e-m+fp/hard\libc_nano.a(libc_a-init.o)
 .debug_frame   0x0000522c       0x2c C:/ST/STM32CubeIDE_2.0.0/STM32CubeIDE/plugins/com.st.stm32cube.ide.mcu.externaltools.gnu-tools-for-stm32.14.3.rel1.win32_1.0.100.202602081740/tools/bin/../lib/gcc/arm-none-eabi/14.3.1/thumb/v7e-m+fp/hard\libgcc.a(_aeabi_uldivmod.o)
 .debug_frame   0x00005258       0x34 C:/ST/STM32CubeIDE_2.0.0/STM32CubeIDE/plugins/com.st.stm32cube.ide.mcu.externaltools.gnu-tools-for-stm32.14.3.rel1.win32_1.0.100.202602081740/tools/bin/../lib/gcc/arm-none-eabi/14.3.1/thumb/v7e-m+fp/hard\libgcc.a(_udivmoddi4.o)

.debug_line_str
                0x00000000       0x41
 .debug_line_str
                0x00000000       0x41 ./Core/Startup/startup_stm32l431rctx.o
