../Core/Src/main.c:83:6:HAL_GPIO_EXTI_Callback	16	static
../Core/Src/main.c:95:6:Meas_TOF	24	static
../Core/Src/main.c:106:5:main	40	static
../Core/Src/main.c:176:6:SystemClock_Config	96	static
../Core/Src/main.c:222:13:MX_ADC1_Init	32	static
../Core/Src/main.c:289:13:MX_I2C2_Init	8	static
../Core/Src/main.c:337:13:MX_RTC_Init	8	static
../Core/Src/main.c:373:13:MX_SPI1_Init	8	static
../Core/Src/main.c:413:13:MX_USART1_UART_Init	8	static
../Core/Src/main.c:448:13:MX_USART3_UART_Init	8	static
../Core/Src/main.c:483:13:MX_GPIO_Init	48	static
../Core/Src/main.c:564:6:Error_Handler	4	static,ignoring_inline_asm
