../Core/Src/main.c:178:6:HAL_GPIO_EXTI_Callback	16	static
../Core/Src/main.c:190:6:HAL_UARTEx_RxEventCallback	24	static
../Core/Src/main.c:206:6:Init	32	static
../Core/Src/main.c:237:6:Read_saved_value	24	static
../Core/Src/main.c:259:6:Active	8	static
../Core/Src/main.c:269:6:Sleep	8	static
../Core/Src/main.c:279:6:CheckConfig	80	static
../Core/Src/main.c:299:6:Config	16	static
../Core/Src/main.c:351:6:Meas_TOF	16	static
../Core/Src/main.c:413:6:Meas_Temp	24	static
../Core/Src/main.c:447:6:MeasBattery	40	static
../Core/Src/main.c:483:6:Calculator_WaterUsed	80	static
../Core/Src/main.c:497:6:Update_LCD	8	static
../Core/Src/main.c:520:6:Save_Data	32	static
../Core/Src/main.c:559:6:Send_DataEpprom	24	static
../Core/Src/main.c:570:6:Send_DataToF	56	static
../Core/Src/main.c:578:6:Use_Config	8	static
../Core/Src/main.c:598:6:Save_Config	32	static
../Core/Src/main.c:620:5:main	176	static
../Core/Src/main.c:853:6:SystemClock_Config	96	static
../Core/Src/main.c:910:13:MX_ADC1_Init	32	static
../Core/Src/main.c:968:13:MX_I2C2_Init	8	static
../Core/Src/main.c:1016:13:MX_LPUART1_UART_Init	8	static
../Core/Src/main.c:1050:13:MX_USART1_UART_Init	8	static
../Core/Src/main.c:1085:13:MX_RTC_Init	8	static
../Core/Src/main.c:1121:13:MX_SPI1_Init	8	static
../Core/Src/main.c:1159:13:MX_DMA_Init	16	static
../Core/Src/main.c:1177:13:MX_GPIO_Init	40	static
../Core/Src/main.c:1262:6:Error_Handler	4	static,ignoring_inline_asm
