../Core/Src/TDC7200.c:15:6:TDC7200_Init	24	static
../Core/Src/TDC7200.c:31:26:TDC7200_WriteRegister8bit	24	static
../Core/Src/TDC7200.c:44:19:TDC7200_ReadRegister8bit	40	static
../Core/Src/TDC7200.c:60:19:TDC7200_Config	16	static
../Core/Src/TDC7200.c:82:19:TDC7200_ByteConfig	32	static
../Core/Src/TDC7200.c:98:6:TDC7200_Config_Clock	16	static
../Core/Src/TDC7200.c:103:19:TDC7200_Config_Parity	16	static
../Core/Src/TDC7200.c:108:19:TDC7200_Config_Edge	16	static
../Core/Src/TDC7200.c:113:19:TDC7200_Config_Measmode	16	static
../Core/Src/TDC7200.c:118:19:TDC7200_Config_Calibration	16	static
../Core/Src/TDC7200.c:123:19:TDC7200_Config_MultiCycleAveragingMode	16	static
../Core/Src/TDC7200.c:128:19:TDC7200_Config_NumberStop	16	static
../Core/Src/TDC7200.c:133:19:TDC7200_Config_InterruptMask	16	static
../Core/Src/TDC7200.c:138:19:TDC7200_Config_CounterOverflow	32	static
../Core/Src/TDC7200.c:157:6:TDC7200_Active	16	static
../Core/Src/TDC7200.c:162:6:TDC7200_Sleep	16	static
../Core/Src/TDC7200.c:167:19:TDC7200_GetStatus	24	static
../Core/Src/TDC7200.c:189:19:TDC7200_Startmeasing	24	static
../Core/Src/TDC7200.c:205:19:TDC7200_GetTOF	224	static
